<?xml version="1.0" encoding="utf-8"?>
<TestRun id="8fd58e60-6934-4977-b09d-6c18d2f4dd45" name="@macbookpro 2026-08-03 00:35:49" xmlns="http://microsoft.com/schemas/VisualStudio/TeamTest/2010">
  <Times creation="2026-08-03T00:35:49.4192880+10:00" queuing="2026-08-03T00:35:49.4192880+10:00" start="2026-08-03T00:35:48.9537150+10:00" finish="2026-08-03T00:35:49.4390740+10:00" />
  <TestSettings name="default" id="42907089-f9f7-4d71-af30-24c0d5f1cc1c">
    <Deployment runDeploymentRoot="_macbookpro_2026-08-03_00_35_49" />
  </TestSettings>
  <Results>
    <UnitTestResult executionId="70337ff4-d10b-43c2-b889-eb0087ee8c59" testId="a26dd8fc-691b-a791-136a-59481c1639e4" testName="SecureFlow.Tests.TicketAccessServiceTests.AdminCanUseAdminFunctions" computerName="macbookpro" duration="00:00:00.0000192" startTime="2026-08-03T00:35:49.3971390+10:00" endTime="2026-08-03T00:35:49.3971850+10:00" testType="13cdc9d9-ddb5-4fa4-a97d-d965ccfc6d4b" outcome="Passed" testListId="8c84fa94-04c1-424b-9868-57a2d4851a1d" relativeResultsDirectory="70337ff4-d10b-43c2-b889-eb0087ee8c59" />
    <UnitTestResult executionId="93f17c0a-45b6-4b4e-bdbe-e2ba41828476" testId="bef68d10-0705-1255-6a16-8f0ce06f02a4" testName="SecureFlow.Tests.TicketAccessServiceTests.AdminCanReadAnotherUsersTicket" computerName="macbookpro" duration="00:00:00.0000491" startTime="2026-08-03T00:35:49.3769420+10:00" endTime="2026-08-03T00:35:49.3769690+10:00" testType="13cdc9d9-ddb5-4fa4-a97d-d965ccfc6d4b" outcome="Passed" testListId="8c84fa94-04c1-424b-9868-57a2d4851a1d" relativeResultsDirectory="93f17c0a-45b6-4b4e-bdbe-e2ba41828476" />
    <UnitTestResult executionId="ce429df8-e217-40a5-b870-7006d792eb5a" testId="5c653dd1-ffff-4153-2a7c-fca9eb8e2b7b" testName="SecureFlow.Tests.Security.AuthorizationBoundaryTests.NonOwnerCannotModifyAnotherUsersTicket" computerName="macbookpro" duration="00:00:00.0000259" startTime="2026-08-03T00:35:49.3992210+10:00" endTime="2026-08-03T00:35:49.3992440+10:00" testType="13cdc9d9-ddb5-4fa4-a97d-d965ccfc6d4b" outcome="Passed" testListId="8c84fa94-04c1-424b-9868-57a2d4851a1d" relativeResultsDirectory="ce429df8-e217-40a5-b870-7006d792eb5a" />
    <UnitTestResult executionId="e0c8a272-eaf0-4fef-b25d-c64a54f58952" testId="f13165c1-67d7-6835-343f-3aa303c0c9c2" testName="SecureFlow.Tests.TicketAccessServiceTests.OwnerCanReadOwnTicket" computerName="macbookpro" duration="00:00:00.0000761" startTime="2026-08-03T00:35:49.3927090+10:00" endTime="2026-08-03T00:35:49.3928310+10:00" testType="13cdc9d9-ddb5-4fa4-a97d-d965ccfc6d4b" outcome="Passed" testListId="8c84fa94-04c1-424b-9868-57a2d4851a1d" relativeResultsDirectory="e0c8a272-eaf0-4fef-b25d-c64a54f58952" />
    <UnitTestResult executionId="c2a780ab-e6ea-4b11-be81-0f25ea1db6b3" testId="2eee42e3-7a2a-3503-6f30-3a6f02b58d64" testName="SecureFlow.Tests.Security.FileSecurityScannerTests.RejectsHarmlessSecurityTestMarker" computerName="macbookpro" duration="00:00:00.0002334" startTime="2026-08-03T00:35:49.3975250+10:00" endTime="2026-08-03T00:35:49.3979470+10:00" testType="13cdc9d9-ddb5-4fa4-a97d-d965ccfc6d4b" outcome="Passed" testListId="8c84fa94-04c1-424b-9868-57a2d4851a1d" relativeResultsDirectory="c2a780ab-e6ea-4b11-be81-0f25ea1db6b3" />
    <UnitTestResult executionId="1d84f830-6add-422f-800f-5d81364f3c51" testId="1c7a1c16-66f3-58fa-7369-52b3fb1d3ee0" testName="SecureFlow.Tests.FileUploadValidatorTests.RemovesPathTraversalFromOriginalName" computerName="macbookpro" duration="00:00:00.0050606" startTime="2026-08-03T00:35:49.3619740+10:00" endTime="2026-08-03T00:35:49.3728190+10:00" testType="13cdc9d9-ddb5-4fa4-a97d-d965ccfc6d4b" outcome="Passed" testListId="8c84fa94-04c1-424b-9868-57a2d4851a1d" relativeResultsDirectory="1d84f830-6add-422f-800f-5d81364f3c51" />
    <UnitTestResult executionId="41b04a2f-75dc-4586-9cd9-5afbf1d4706f" testId="b5cc5777-c913-daac-88dc-81a1a60f441f" testName="SecureFlow.Tests.Security.UploadAndAuthenticationControlTests.LoginLimiterPartitionsBySourceAddress" computerName="macbookpro" duration="00:00:00.0186353" startTime="2026-08-03T00:35:49.3620190+10:00" endTime="2026-08-03T00:35:49.3998860+10:00" testType="13cdc9d9-ddb5-4fa4-a97d-d965ccfc6d4b" outcome="Passed" testListId="8c84fa94-04c1-424b-9868-57a2d4851a1d" relativeResultsDirectory="41b04a2f-75dc-4586-9cd9-5afbf1d4706f" />
    <UnitTestResult executionId="f9035494-f483-495a-9b81-321e44795e6c" testId="ca19abad-9dcd-1c21-6221-9ead7ac05ef7" testName="SecureFlow.Tests.Security.UploadAndAuthenticationControlTests.UploadEndpointLimitsRequestBeforeModelBinding" computerName="macbookpro" duration="00:00:00.0031548" startTime="2026-08-03T00:35:49.3999420+10:00" endTime="2026-08-03T00:35:49.3999650+10:00" testType="13cdc9d9-ddb5-4fa4-a97d-d965ccfc6d4b" outcome="Passed" testListId="8c84fa94-04c1-424b-9868-57a2d4851a1d" relativeResultsDirectory="f9035494-f483-495a-9b81-321e44795e6c" />
    <UnitTestResult executionId="53b14321-f329-4c7f-8615-7165f3bb6128" testId="0d92c874-d39c-3b78-9cf5-5eed75ec2056" testName="SecureFlow.Tests.Security.FileSecurityScannerTests.AcceptsValidUtf8Text" computerName="macbookpro" duration="00:00:00.0002954" startTime="2026-08-03T00:35:49.3974460+10:00" endTime="2026-08-03T00:35:49.3974700+10:00" testType="13cdc9d9-ddb5-4fa4-a97d-d965ccfc6d4b" outcome="Passed" testListId="8c84fa94-04c1-424b-9868-57a2d4851a1d" relativeResultsDirectory="53b14321-f329-4c7f-8615-7165f3bb6128" />
    <UnitTestResult executionId="ec3ccec2-7bbb-4b58-82d9-2213f96c572a" testId="f1116a2b-3506-e158-3498-dbfaf7276798" testName="SecureFlow.Tests.Security.AuthorizationBoundaryTests.OwnerCanReadAndModifyOwnTicket" computerName="macbookpro" duration="00:00:00.0000292" startTime="2026-08-03T00:35:49.3994430+10:00" endTime="2026-08-03T00:35:49.3994660+10:00" testType="13cdc9d9-ddb5-4fa4-a97d-d965ccfc6d4b" outcome="Passed" testListId="8c84fa94-04c1-424b-9868-57a2d4851a1d" relativeResultsDirectory="ec3ccec2-7bbb-4b58-82d9-2213f96c572a" />
    <UnitTestResult executionId="cd29a92e-5303-4f9b-934c-5f4fbc4b26ee" testId="8dbfedc5-8319-ce88-d6af-ff68295e8fcb" testName="SecureFlow.Tests.FileUploadValidatorTests.RejectsExecutableExtension" computerName="macbookpro" duration="00:00:00.0001045" startTime="2026-08-03T00:35:49.3768680+10:00" endTime="2026-08-03T00:35:49.3924260+10:00" testType="13cdc9d9-ddb5-4fa4-a97d-d965ccfc6d4b" outcome="Passed" testListId="8c84fa94-04c1-424b-9868-57a2d4851a1d" relativeResultsDirectory="cd29a92e-5303-4f9b-934c-5f4fbc4b26ee" />
    <UnitTestResult executionId="a77df383-2fa9-4387-bed2-809e9ef0e09f" testId="afa781c6-a3e7-1a11-19e0-0f6671446614" testName="SecureFlow.Tests.TicketAccessServiceTests.NormalUserCannotUseAdminFunctions" computerName="macbookpro" duration="00:00:00.0000320" startTime="2026-08-03T00:35:49.3929940+10:00" endTime="2026-08-03T00:35:49.3930740+10:00" testType="13cdc9d9-ddb5-4fa4-a97d-d965ccfc6d4b" outcome="Passed" testListId="8c84fa94-04c1-424b-9868-57a2d4851a1d" relativeResultsDirectory="a77df383-2fa9-4387-bed2-809e9ef0e09f" />
    <UnitTestResult executionId="14789069-aa3d-4439-bd45-c22337bc11d4" testId="a61064cc-70a2-b961-162a-af3e222f1ebf" testName="SecureFlow.Tests.Security.AuthorizationBoundaryTests.AdminControllerRequiresTheAdministratorRole" computerName="macbookpro" duration="00:00:00.0177484" startTime="2026-08-03T00:35:49.3620330+10:00" endTime="2026-08-03T00:35:49.3990150+10:00" testType="13cdc9d9-ddb5-4fa4-a97d-d965ccfc6d4b" outcome="Passed" testListId="8c84fa94-04c1-424b-9868-57a2d4851a1d" relativeResultsDirectory="14789069-aa3d-4439-bd45-c22337bc11d4" />
    <UnitTestResult executionId="baaaa5aa-20fa-4d7e-943e-49f2359dd0eb" testId="e7e26588-9078-6ffd-0318-8d302168c6fa" testName="SecureFlow.Tests.Security.FileSecurityScannerTests.RejectsTextContainingNullBytes" computerName="macbookpro" duration="00:00:00.0001858" startTime="2026-08-03T00:35:49.3980870+10:00" endTime="2026-08-03T00:35:49.3984040+10:00" testType="13cdc9d9-ddb5-4fa4-a97d-d965ccfc6d4b" outcome="Passed" testListId="8c84fa94-04c1-424b-9868-57a2d4851a1d" relativeResultsDirectory="baaaa5aa-20fa-4d7e-943e-49f2359dd0eb" />
    <UnitTestResult executionId="2055c166-fe45-4945-b56d-c8c28959d354" testId="f5f7bd53-add0-1781-6cb5-55110c0a90f7" testName="SecureFlow.Tests.Security.UploadAndAuthenticationControlTests.LoginLimiterNormalisesIpv4MappedAddress" computerName="macbookpro" duration="00:00:00.0021514" startTime="2026-08-03T00:35:49.4000900+10:00" endTime="2026-08-03T00:35:49.4001120+10:00" testType="13cdc9d9-ddb5-4fa4-a97d-d965ccfc6d4b" outcome="Passed" testListId="8c84fa94-04c1-424b-9868-57a2d4851a1d" relativeResultsDirectory="2055c166-fe45-4945-b56d-c8c28959d354" />
    <UnitTestResult executionId="6293b042-4fd8-40e2-bb25-7f0f0973b719" testId="b0feb852-b9cc-7990-5e12-3bc112d2910f" testName="SecureFlow.Tests.Security.AuthorizationBoundaryTests.AdministratorCanUseAdministratorFunctions" computerName="macbookpro" duration="00:00:00.0000181" startTime="2026-08-03T00:35:49.3992960+10:00" endTime="2026-08-03T00:35:49.3993180+10:00" testType="13cdc9d9-ddb5-4fa4-a97d-d965ccfc6d4b" outcome="Passed" testListId="8c84fa94-04c1-424b-9868-57a2d4851a1d" relativeResultsDirectory="6293b042-4fd8-40e2-bb25-7f0f0973b719" />
    <UnitTestResult executionId="dd90480e-116c-4612-bc41-b0c35e8d82b9" testId="6d1a9017-0d3d-ade1-16fe-6a7205479c05" testName="SecureFlow.Tests.TicketAccessServiceTests.UserCannotReadAnotherUsersTicket" computerName="macbookpro" duration="00:00:00.0048309" startTime="2026-08-03T00:35:49.3611770+10:00" endTime="2026-08-03T00:35:49.3704710+10:00" testType="13cdc9d9-ddb5-4fa4-a97d-d965ccfc6d4b" outcome="Passed" testListId="8c84fa94-04c1-424b-9868-57a2d4851a1d" relativeResultsDirectory="dd90480e-116c-4612-bc41-b0c35e8d82b9" />
    <UnitTestResult executionId="fb5ce6eb-9795-4c1e-949c-7a1dc5186825" testId="adfa2f9c-a294-0421-c87f-bf2acf82e005" testName="SecureFlow.Tests.Security.AuthorizationBoundaryTests.AdministratorCanReadAndModifyAnyTicket" computerName="macbookpro" duration="00:00:00.0000279" startTime="2026-08-03T00:35:49.3998140+10:00" endTime="2026-08-03T00:35:49.3998380+10:00" testType="13cdc9d9-ddb5-4fa4-a97d-d965ccfc6d4b" outcome="Passed" testListId="8c84fa94-04c1-424b-9868-57a2d4851a1d" relativeResultsDirectory="fb5ce6eb-9795-4c1e-949c-7a1dc5186825" />
    <UnitTestResult executionId="375f8fbe-3c70-4540-8c6d-3a5e8d53a428" testId="be1fc026-2d50-57eb-2401-9a4f1dc54635" testName="SecureFlow.Tests.Security.UploadAndAuthenticationControlTests.ContentSecurityPolicyDisallowsInlineStyles" computerName="macbookpro" duration="00:00:00.0000681" startTime="2026-08-03T00:35:49.4000170+10:00" endTime="2026-08-03T00:35:49.4000390+10:00" testType="13cdc9d9-ddb5-4fa4-a97d-d965ccfc6d4b" outcome="Passed" testListId="8c84fa94-04c1-424b-9868-57a2d4851a1d" relativeResultsDirectory="375f8fbe-3c70-4540-8c6d-3a5e8d53a428" />
    <UnitTestResult executionId="cd768ada-71f4-46c4-8e32-21e6310a582f" testId="3fe5a69d-6127-1f18-1b47-f173831ddb8b" testName="SecureFlow.Tests.Security.FileSecurityScannerTests.AcceptsJpegSignature" computerName="macbookpro" duration="00:00:00.0003123" startTime="2026-08-03T00:35:49.3768540+10:00" endTime="2026-08-03T00:35:49.3928480+10:00" testType="13cdc9d9-ddb5-4fa4-a97d-d965ccfc6d4b" outcome="Passed" testListId="8c84fa94-04c1-424b-9868-57a2d4851a1d" relativeResultsDirectory="cd768ada-71f4-46c4-8e32-21e6310a582f" />
    <UnitTestResult executionId="645584b8-9d30-480b-b4f9-bcbe74522b37" testId="26616ac5-c6e7-a752-66da-bace189355f2" testName="SecureFlow.Tests.FileUploadValidatorTests.RejectsEmptyFile" computerName="macbookpro" duration="00:00:00.0000657" startTime="2026-08-03T00:35:49.3970990+10:00" endTime="2026-08-03T00:35:49.3972570+10:00" testType="13cdc9d9-ddb5-4fa4-a97d-d965ccfc6d4b" outcome="Passed" testListId="8c84fa94-04c1-424b-9868-57a2d4851a1d" relativeResultsDirectory="645584b8-9d30-480b-b4f9-bcbe74522b37" />
    <UnitTestResult executionId="003765ca-5fb2-4bb5-9bd1-5746e8cb7ebc" testId="2df55b6a-7f8e-4661-6944-b0470eb1dba0" testName="SecureFlow.Tests.Security.AuthorizationBoundaryTests.NormalUserCannotUseAdministratorFunctions" computerName="macbookpro" duration="00:00:00.0000293" startTime="2026-08-03T00:35:49.3990700+10:00" endTime="2026-08-03T00:35:49.3990930+10:00" testType="13cdc9d9-ddb5-4fa4-a97d-d965ccfc6d4b" outcome="Passed" testListId="8c84fa94-04c1-424b-9868-57a2d4851a1d" relativeResultsDirectory="003765ca-5fb2-4bb5-9bd1-5746e8cb7ebc" />
    <UnitTestResult executionId="086ed5fb-809a-4bf9-83b6-d56cb3fad771" testId="6ab458e2-6527-87e6-1ea0-35f1b2f5354b" testName="SecureFlow.Tests.TicketAccessServiceTests.UserCannotModifyAnotherUsersTicket" computerName="macbookpro" duration="00:00:00.0000615" startTime="2026-08-03T00:35:49.3923810+10:00" endTime="2026-08-03T00:35:49.3926330+10:00" testType="13cdc9d9-ddb5-4fa4-a97d-d965ccfc6d4b" outcome="Passed" testListId="8c84fa94-04c1-424b-9868-57a2d4851a1d" relativeResultsDirectory="086ed5fb-809a-4bf9-83b6-d56cb3fad771" />
    <UnitTestResult executionId="1becceaa-97e3-4d48-8294-a829df05145e" testId="f42adb4a-59b6-6ae8-661d-3f316da65d36" testName="SecureFlow.Tests.FileUploadValidatorTests.AllowsPdfWithinSizeLimit" computerName="macbookpro" duration="00:00:00.0001241" startTime="2026-08-03T00:35:49.3928010+10:00" endTime="2026-08-03T00:35:49.3930210+10:00" testType="13cdc9d9-ddb5-4fa4-a97d-d965ccfc6d4b" outcome="Passed" testListId="8c84fa94-04c1-424b-9868-57a2d4851a1d" relativeResultsDirectory="1becceaa-97e3-4d48-8294-a829df05145e" />
    <UnitTestResult executionId="01d1da1f-bdaa-46dc-976a-a2aca9698cc0" testId="b44d7ce5-63e1-d654-eefa-ed4ca2def114" testName="SecureFlow.Tests.Security.FileSecurityScannerTests.RejectsPdfWithHtmlContent" computerName="macbookpro" duration="00:00:00.0003188" startTime="2026-08-03T00:35:49.3929520+10:00" endTime="2026-08-03T00:35:49.3973890+10:00" testType="13cdc9d9-ddb5-4fa4-a97d-d965ccfc6d4b" outcome="Passed" testListId="8c84fa94-04c1-424b-9868-57a2d4851a1d" relativeResultsDirectory="01d1da1f-bdaa-46dc-976a-a2aca9698cc0" />
    <UnitTestResult executionId="0e70cc20-3934-4a7c-9f6e-d9cd3073b92f" testId="bb7382a3-6637-b15c-0d67-0f751ff2787f" testName="SecureFlow.Tests.FileUploadValidatorTests.RejectsOversizedFile" computerName="macbookpro" duration="00:00:00.0000683" startTime="2026-08-03T00:35:49.3926030+10:00" endTime="2026-08-03T00:35:49.3927270+10:00" testType="13cdc9d9-ddb5-4fa4-a97d-d965ccfc6d4b" outcome="Passed" testListId="8c84fa94-04c1-424b-9868-57a2d4851a1d" relativeResultsDirectory="0e70cc20-3934-4a7c-9f6e-d9cd3073b92f" />
    <UnitTestResult executionId="18c9f843-7706-453d-9e79-d37f72244910" testId="aa0ddf90-33dc-1800-98bc-7eaa3d4bd56c" testName="SecureFlow.Tests.CreateTicketViewModelTests.ShortTitleFailsValidation" computerName="macbookpro" duration="00:00:00.0009093" startTime="2026-08-03T00:35:49.3988600+10:00" endTime="2026-08-03T00:35:49.3988870+10:00" testType="13cdc9d9-ddb5-4fa4-a97d-d965ccfc6d4b" outcome="Passed" testListId="8c84fa94-04c1-424b-9868-57a2d4851a1d" relativeResultsDirectory="18c9f843-7706-453d-9e79-d37f72244910" />
    <UnitTestResult executionId="a12d4b84-28ec-463c-b65f-17454f90c31d" testId="2d0c1e9c-6e7b-7e99-51a2-803823ddc622" testName="SecureFlow.Tests.Security.AuthorizationBoundaryTests.TicketsControllerRequiresAuthentication" computerName="macbookpro" duration="00:00:00.0000841" startTime="2026-08-03T00:35:49.3993700+10:00" endTime="2026-08-03T00:35:49.3993920+10:00" testType="13cdc9d9-ddb5-4fa4-a97d-d965ccfc6d4b" outcome="Passed" testListId="8c84fa94-04c1-424b-9868-57a2d4851a1d" relativeResultsDirectory="a12d4b84-28ec-463c-b65f-17454f90c31d" />
    <UnitTestResult executionId="8a85d2ed-e5b1-4c1b-aea7-c3e91de84532" testId="df9b6f1d-c67d-01c8-c195-e9c059fa6d61" testName="SecureFlow.Tests.Security.FileSecurityScannerTests.AcceptsPdfWithPdfSignature" computerName="macbookpro" duration="00:00:00.0061011" startTime="2026-08-03T00:35:49.3620050+10:00" endTime="2026-08-03T00:35:49.3755300+10:00" testType="13cdc9d9-ddb5-4fa4-a97d-d965ccfc6d4b" outcome="Passed" testListId="8c84fa94-04c1-424b-9868-57a2d4851a1d" relativeResultsDirectory="8a85d2ed-e5b1-4c1b-aea7-c3e91de84532" />
    <UnitTestResult executionId="95d3291d-de8d-4c3f-9d66-7b59b052358c" testId="6c0c88a0-56a2-2140-5b29-a98e262a53c1" testName="SecureFlow.Tests.Security.AuthorizationBoundaryTests.NonOwnerCannotReadAnotherUsersTicket" computerName="macbookpro" duration="00:00:00.0000914" startTime="2026-08-03T00:35:49.3991460+10:00" endTime="2026-08-03T00:35:49.3991690+10:00" testType="13cdc9d9-ddb5-4fa4-a97d-d965ccfc6d4b" outcome="Passed" testListId="8c84fa94-04c1-424b-9868-57a2d4851a1d" relativeResultsDirectory="95d3291d-de8d-4c3f-9d66-7b59b052358c" />
    <UnitTestResult executionId="273b83c9-cc01-4d21-91fa-28fb93e49463" testId="cbbd54a8-23c5-bdbf-e886-a4608bb79c6c" testName="SecureFlow.Tests.CreateTicketViewModelTests.ValidInputPassesValidation" computerName="macbookpro" duration="00:00:00.0083475" startTime="2026-08-03T00:35:49.3620480+10:00" endTime="2026-08-03T00:35:49.3984540+10:00" testType="13cdc9d9-ddb5-4fa4-a97d-d965ccfc6d4b" outcome="Passed" testListId="8c84fa94-04c1-424b-9868-57a2d4851a1d" relativeResultsDirectory="273b83c9-cc01-4d21-91fa-28fb93e49463" />
    <UnitTestResult executionId="d29c1a0d-bc61-4058-8a95-3fd6da0c7e5d" testId="1afc4212-9e34-5bf9-c93c-a664cbc7d83d" testName="SecureFlow.Tests.FileUploadValidatorTests.RejectsMismatchedContentType" computerName="macbookpro" duration="00:00:00.0000678" startTime="2026-08-03T00:35:49.3973260+10:00" endTime="2026-08-03T00:35:49.3973510+10:00" testType="13cdc9d9-ddb5-4fa4-a97d-d965ccfc6d4b" outcome="Passed" testListId="8c84fa94-04c1-424b-9868-57a2d4851a1d" relativeResultsDirectory="d29c1a0d-bc61-4058-8a95-3fd6da0c7e5d" />
    <UnitTestResult executionId="e5f81885-73d7-4249-b992-0eee65fac096" testId="4ebedf60-660c-8484-95e7-f7654b526541" testName="SecureFlow.Tests.CreateTicketViewModelTests.ShortDescriptionFailsValidation" computerName="macbookpro" duration="00:00:00.0001297" startTime="2026-08-03T00:35:49.3989460+10:00" endTime="2026-08-03T00:35:49.3989690+10:00" testType="13cdc9d9-ddb5-4fa4-a97d-d965ccfc6d4b" outcome="Passed" testListId="8c84fa94-04c1-424b-9868-57a2d4851a1d" relativeResultsDirectory="e5f81885-73d7-4249-b992-0eee65fac096" />
    <UnitTestResult executionId="e8af8748-a4b0-4de9-80fd-484b195e237e" testId="4fa492d3-4b45-cb80-5d37-2e3569fd365a" testName="SecureFlow.Tests.Security.FileSecurityScannerTests.AcceptsPngSignature" computerName="macbookpro" duration="00:00:00.0001869" startTime="2026-08-03T00:35:49.3980080+10:00" endTime="2026-08-03T00:35:49.3980330+10:00" testType="13cdc9d9-ddb5-4fa4-a97d-d965ccfc6d4b" outcome="Passed" testListId="8c84fa94-04c1-424b-9868-57a2d4851a1d" relativeResultsDirectory="e8af8748-a4b0-4de9-80fd-484b195e237e" />
  </Results>
  <TestDefinitions>
    <UnitTest name="SecureFlow.Tests.Security.UploadAndAuthenticationControlTests.LoginLimiterPartitionsBySourceAddress" storage="/private/var/folders/ky/bqbnhcbj7771c_n3v78353vh0000gn/t/secureflow-phase6-recovery.p3msn5/secureflow-security-lab/tests/secureflow.tests/bin/release/net10.0/secureflow.tests.dll" id="b5cc5777-c913-daac-88dc-81a1a60f441f">
      <Execution id="41b04a2f-75dc-4586-9cd9-5afbf1d4706f" />
      <TestMethod codeBase="/private/var/folders/ky/bqbnhcbj7771c_n3v78353vh0000gn/T/secureflow-phase6-recovery.p3MsN5/SecureFlow-Security-Lab/tests/SecureFlow.Tests/bin/Release/net10.0/SecureFlow.Tests.dll" adapterTypeName="executor://xunit/VsTestRunner3/netcore/" className="SecureFlow.Tests.Security.UploadAndAuthenticationControlTests" name="LoginLimiterPartitionsBySourceAddress" />
    </UnitTest>
    <UnitTest name="SecureFlow.Tests.Security.AuthorizationBoundaryTests.AdminControllerRequiresTheAdministratorRole" storage="/private/var/folders/ky/bqbnhcbj7771c_n3v78353vh0000gn/t/secureflow-phase6-recovery.p3msn5/secureflow-security-lab/tests/secureflow.tests/bin/release/net10.0/secureflow.tests.dll" id="a61064cc-70a2-b961-162a-af3e222f1ebf">
      <Execution id="14789069-aa3d-4439-bd45-c22337bc11d4" />
      <TestMethod codeBase="/private/var/folders/ky/bqbnhcbj7771c_n3v78353vh0000gn/T/secureflow-phase6-recovery.p3MsN5/SecureFlow-Security-Lab/tests/SecureFlow.Tests/bin/Release/net10.0/SecureFlow.Tests.dll" adapterTypeName="executor://xunit/VsTestRunner3/netcore/" className="SecureFlow.Tests.Security.AuthorizationBoundaryTests" name="AdminControllerRequiresTheAdministratorRole" />
    </UnitTest>
    <UnitTest name="SecureFlow.Tests.TicketAccessServiceTests.OwnerCanReadOwnTicket" storage="/private/var/folders/ky/bqbnhcbj7771c_n3v78353vh0000gn/t/secureflow-phase6-recovery.p3msn5/secureflow-security-lab/tests/secureflow.tests/bin/release/net10.0/secureflow.tests.dll" id="f13165c1-67d7-6835-343f-3aa303c0c9c2">
      <Execution id="e0c8a272-eaf0-4fef-b25d-c64a54f58952" />
      <TestMethod codeBase="/private/var/folders/ky/bqbnhcbj7771c_n3v78353vh0000gn/T/secureflow-phase6-recovery.p3MsN5/SecureFlow-Security-Lab/tests/SecureFlow.Tests/bin/Release/net10.0/SecureFlow.Tests.dll" adapterTypeName="executor://xunit/VsTestRunner3/netcore/" className="SecureFlow.Tests.TicketAccessServiceTests" name="OwnerCanReadOwnTicket" />
    </UnitTest>
    <UnitTest name="SecureFlow.Tests.TicketAccessServiceTests.UserCannotReadAnotherUsersTicket" storage="/private/var/folders/ky/bqbnhcbj7771c_n3v78353vh0000gn/t/secureflow-phase6-recovery.p3msn5/secureflow-security-lab/tests/secureflow.tests/bin/release/net10.0/secureflow.tests.dll" id="6d1a9017-0d3d-ade1-16fe-6a7205479c05">
      <Execution id="dd90480e-116c-4612-bc41-b0c35e8d82b9" />
      <TestMethod codeBase="/private/var/folders/ky/bqbnhcbj7771c_n3v78353vh0000gn/T/secureflow-phase6-recovery.p3MsN5/SecureFlow-Security-Lab/tests/SecureFlow.Tests/bin/Release/net10.0/SecureFlow.Tests.dll" adapterTypeName="executor://xunit/VsTestRunner3/netcore/" className="SecureFlow.Tests.TicketAccessServiceTests" name="UserCannotReadAnotherUsersTicket" />
    </UnitTest>
    <UnitTest name="SecureFlow.Tests.Security.FileSecurityScannerTests.RejectsTextContainingNullBytes" storage="/private/var/folders/ky/bqbnhcbj7771c_n3v78353vh0000gn/t/secureflow-phase6-recovery.p3msn5/secureflow-security-lab/tests/secureflow.tests/bin/release/net10.0/secureflow.tests.dll" id="e7e26588-9078-6ffd-0318-8d302168c6fa">
      <Execution id="baaaa5aa-20fa-4d7e-943e-49f2359dd0eb" />
      <TestMethod codeBase="/private/var/folders/ky/bqbnhcbj7771c_n3v78353vh0000gn/T/secureflow-phase6-recovery.p3MsN5/SecureFlow-Security-Lab/tests/SecureFlow.Tests/bin/Release/net10.0/SecureFlow.Tests.dll" adapterTypeName="executor://xunit/VsTestRunner3/netcore/" className="SecureFlow.Tests.Security.FileSecurityScannerTests" name="RejectsTextContainingNullBytes" />
    </UnitTest>
    <UnitTest name="SecureFlow.Tests.FileUploadValidatorTests.AllowsPdfWithinSizeLimit" storage="/private/var/folders/ky/bqbnhcbj7771c_n3v78353vh0000gn/t/secureflow-phase6-recovery.p3msn5/secureflow-security-lab/tests/secureflow.tests/bin/release/net10.0/secureflow.tests.dll" id="f42adb4a-59b6-6ae8-661d-3f316da65d36">
      <Execution id="1becceaa-97e3-4d48-8294-a829df05145e" />
      <TestMethod codeBase="/private/var/folders/ky/bqbnhcbj7771c_n3v78353vh0000gn/T/secureflow-phase6-recovery.p3MsN5/SecureFlow-Security-Lab/tests/SecureFlow.Tests/bin/Release/net10.0/SecureFlow.Tests.dll" adapterTypeName="executor://xunit/VsTestRunner3/netcore/" className="SecureFlow.Tests.FileUploadValidatorTests" name="AllowsPdfWithinSizeLimit" />
    </UnitTest>
    <UnitTest name="SecureFlow.Tests.FileUploadValidatorTests.RejectsOversizedFile" storage="/private/var/folders/ky/bqbnhcbj7771c_n3v78353vh0000gn/t/secureflow-phase6-recovery.p3msn5/secureflow-security-lab/tests/secureflow.tests/bin/release/net10.0/secureflow.tests.dll" id="bb7382a3-6637-b15c-0d67-0f751ff2787f">
      <Execution id="0e70cc20-3934-4a7c-9f6e-d9cd3073b92f" />
      <TestMethod codeBase="/private/var/folders/ky/bqbnhcbj7771c_n3v78353vh0000gn/T/secureflow-phase6-recovery.p3MsN5/SecureFlow-Security-Lab/tests/SecureFlow.Tests/bin/Release/net10.0/SecureFlow.Tests.dll" adapterTypeName="executor://xunit/VsTestRunner3/netcore/" className="SecureFlow.Tests.FileUploadValidatorTests" name="RejectsOversizedFile" />
    </UnitTest>
    <UnitTest name="SecureFlow.Tests.CreateTicketViewModelTests.ShortTitleFailsValidation" storage="/private/var/folders/ky/bqbnhcbj7771c_n3v78353vh0000gn/t/secureflow-phase6-recovery.p3msn5/secureflow-security-lab/tests/secureflow.tests/bin/release/net10.0/secureflow.tests.dll" id="aa0ddf90-33dc-1800-98bc-7eaa3d4bd56c">
      <Execution id="18c9f843-7706-453d-9e79-d37f72244910" />
      <TestMethod codeBase="/private/var/folders/ky/bqbnhcbj7771c_n3v78353vh0000gn/T/secureflow-phase6-recovery.p3MsN5/SecureFlow-Security-Lab/tests/SecureFlow.Tests/bin/Release/net10.0/SecureFlow.Tests.dll" adapterTypeName="executor://xunit/VsTestRunner3/netcore/" className="SecureFlow.Tests.CreateTicketViewModelTests" name="ShortTitleFailsValidation" />
    </UnitTest>
    <UnitTest name="SecureFlow.Tests.Security.AuthorizationBoundaryTests.OwnerCanReadAndModifyOwnTicket" storage="/private/var/folders/ky/bqbnhcbj7771c_n3v78353vh0000gn/t/secureflow-phase6-recovery.p3msn5/secureflow-security-lab/tests/secureflow.tests/bin/release/net10.0/secureflow.tests.dll" id="f1116a2b-3506-e158-3498-dbfaf7276798">
      <Execution id="ec3ccec2-7bbb-4b58-82d9-2213f96c572a" />
      <TestMethod codeBase="/private/var/folders/ky/bqbnhcbj7771c_n3v78353vh0000gn/T/secureflow-phase6-recovery.p3MsN5/SecureFlow-Security-Lab/tests/SecureFlow.Tests/bin/Release/net10.0/SecureFlow.Tests.dll" adapterTypeName="executor://xunit/VsTestRunner3/netcore/" className="SecureFlow.Tests.Security.AuthorizationBoundaryTests" name="OwnerCanReadAndModifyOwnTicket" />
    </UnitTest>
    <UnitTest name="SecureFlow.Tests.Security.UploadAndAuthenticationControlTests.UploadEndpointLimitsRequestBeforeModelBinding" storage="/private/var/folders/ky/bqbnhcbj7771c_n3v78353vh0000gn/t/secureflow-phase6-recovery.p3msn5/secureflow-security-lab/tests/secureflow.tests/bin/release/net10.0/secureflow.tests.dll" id="ca19abad-9dcd-1c21-6221-9ead7ac05ef7">
      <Execution id="f9035494-f483-495a-9b81-321e44795e6c" />
      <TestMethod codeBase="/private/var/folders/ky/bqbnhcbj7771c_n3v78353vh0000gn/T/secureflow-phase6-recovery.p3MsN5/SecureFlow-Security-Lab/tests/SecureFlow.Tests/bin/Release/net10.0/SecureFlow.Tests.dll" adapterTypeName="executor://xunit/VsTestRunner3/netcore/" className="SecureFlow.Tests.Security.UploadAndAuthenticationControlTests" name="UploadEndpointLimitsRequestBeforeModelBinding" />
    </UnitTest>
    <UnitTest name="SecureFlow.Tests.Security.AuthorizationBoundaryTests.AdministratorCanUseAdministratorFunctions" storage="/private/var/folders/ky/bqbnhcbj7771c_n3v78353vh0000gn/t/secureflow-phase6-recovery.p3msn5/secureflow-security-lab/tests/secureflow.tests/bin/release/net10.0/secureflow.tests.dll" id="b0feb852-b9cc-7990-5e12-3bc112d2910f">
      <Execution id="6293b042-4fd8-40e2-bb25-7f0f0973b719" />
      <TestMethod codeBase="/private/var/folders/ky/bqbnhcbj7771c_n3v78353vh0000gn/T/secureflow-phase6-recovery.p3MsN5/SecureFlow-Security-Lab/tests/SecureFlow.Tests/bin/Release/net10.0/SecureFlow.Tests.dll" adapterTypeName="executor://xunit/VsTestRunner3/netcore/" className="SecureFlow.Tests.Security.AuthorizationBoundaryTests" name="AdministratorCanUseAdministratorFunctions" />
    </UnitTest>
    <UnitTest name="SecureFlow.Tests.Security.FileSecurityScannerTests.AcceptsValidUtf8Text" storage="/private/var/folders/ky/bqbnhcbj7771c_n3v78353vh0000gn/t/secureflow-phase6-recovery.p3msn5/secureflow-security-lab/tests/secureflow.tests/bin/release/net10.0/secureflow.tests.dll" id="0d92c874-d39c-3b78-9cf5-5eed75ec2056">
      <Execution id="53b14321-f329-4c7f-8615-7165f3bb6128" />
      <TestMethod codeBase="/private/var/folders/ky/bqbnhcbj7771c_n3v78353vh0000gn/T/secureflow-phase6-recovery.p3MsN5/SecureFlow-Security-Lab/tests/SecureFlow.Tests/bin/Release/net10.0/SecureFlow.Tests.dll" adapterTypeName="executor://xunit/VsTestRunner3/netcore/" className="SecureFlow.Tests.Security.FileSecurityScannerTests" name="AcceptsValidUtf8Text" />
    </UnitTest>
    <UnitTest name="SecureFlow.Tests.FileUploadValidatorTests.RejectsEmptyFile" storage="/private/var/folders/ky/bqbnhcbj7771c_n3v78353vh0000gn/t/secureflow-phase6-recovery.p3msn5/secureflow-security-lab/tests/secureflow.tests/bin/release/net10.0/secureflow.tests.dll" id="26616ac5-c6e7-a752-66da-bace189355f2">
      <Execution id="645584b8-9d30-480b-b4f9-bcbe74522b37" />
      <TestMethod codeBase="/private/var/folders/ky/bqbnhcbj7771c_n3v78353vh0000gn/T/secureflow-phase6-recovery.p3MsN5/SecureFlow-Security-Lab/tests/SecureFlow.Tests/bin/Release/net10.0/SecureFlow.Tests.dll" adapterTypeName="executor://xunit/VsTestRunner3/netcore/" className="SecureFlow.Tests.FileUploadValidatorTests" name="RejectsEmptyFile" />
    </UnitTest>
    <UnitTest name="SecureFlow.Tests.Security.FileSecurityScannerTests.AcceptsPdfWithPdfSignature" storage="/private/var/folders/ky/bqbnhcbj7771c_n3v78353vh0000gn/t/secureflow-phase6-recovery.p3msn5/secureflow-security-lab/tests/secureflow.tests/bin/release/net10.0/secureflow.tests.dll" id="df9b6f1d-c67d-01c8-c195-e9c059fa6d61">
      <Execution id="8a85d2ed-e5b1-4c1b-aea7-c3e91de84532" />
      <TestMethod codeBase="/private/var/folders/ky/bqbnhcbj7771c_n3v78353vh0000gn/T/secureflow-phase6-recovery.p3MsN5/SecureFlow-Security-Lab/tests/SecureFlow.Tests/bin/Release/net10.0/SecureFlow.Tests.dll" adapterTypeName="executor://xunit/VsTestRunner3/netcore/" className="SecureFlow.Tests.Security.FileSecurityScannerTests" name="AcceptsPdfWithPdfSignature" />
    </UnitTest>
    <UnitTest name="SecureFlow.Tests.FileUploadValidatorTests.RejectsExecutableExtension" storage="/private/var/folders/ky/bqbnhcbj7771c_n3v78353vh0000gn/t/secureflow-phase6-recovery.p3msn5/secureflow-security-lab/tests/secureflow.tests/bin/release/net10.0/secureflow.tests.dll" id="8dbfedc5-8319-ce88-d6af-ff68295e8fcb">
      <Execution id="cd29a92e-5303-4f9b-934c-5f4fbc4b26ee" />
      <TestMethod codeBase="/private/var/folders/ky/bqbnhcbj7771c_n3v78353vh0000gn/T/secureflow-phase6-recovery.p3MsN5/SecureFlow-Security-Lab/tests/SecureFlow.Tests/bin/Release/net10.0/SecureFlow.Tests.dll" adapterTypeName="executor://xunit/VsTestRunner3/netcore/" className="SecureFlow.Tests.FileUploadValidatorTests" name="RejectsExecutableExtension" />
    </UnitTest>
    <UnitTest name="SecureFlow.Tests.FileUploadValidatorTests.RemovesPathTraversalFromOriginalName" storage="/private/var/folders/ky/bqbnhcbj7771c_n3v78353vh0000gn/t/secureflow-phase6-recovery.p3msn5/secureflow-security-lab/tests/secureflow.tests/bin/release/net10.0/secureflow.tests.dll" id="1c7a1c16-66f3-58fa-7369-52b3fb1d3ee0">
      <Execution id="1d84f830-6add-422f-800f-5d81364f3c51" />
      <TestMethod codeBase="/private/var/folders/ky/bqbnhcbj7771c_n3v78353vh0000gn/T/secureflow-phase6-recovery.p3MsN5/SecureFlow-Security-Lab/tests/SecureFlow.Tests/bin/Release/net10.0/SecureFlow.Tests.dll" adapterTypeName="executor://xunit/VsTestRunner3/netcore/" className="SecureFlow.Tests.FileUploadValidatorTests" name="RemovesPathTraversalFromOriginalName" />
    </UnitTest>
    <UnitTest name="SecureFlow.Tests.TicketAccessServiceTests.NormalUserCannotUseAdminFunctions" storage="/private/var/folders/ky/bqbnhcbj7771c_n3v78353vh0000gn/t/secureflow-phase6-recovery.p3msn5/secureflow-security-lab/tests/secureflow.tests/bin/release/net10.0/secureflow.tests.dll" id="afa781c6-a3e7-1a11-19e0-0f6671446614">
      <Execution id="a77df383-2fa9-4387-bed2-809e9ef0e09f" />
      <TestMethod codeBase="/private/var/folders/ky/bqbnhcbj7771c_n3v78353vh0000gn/T/secureflow-phase6-recovery.p3MsN5/SecureFlow-Security-Lab/tests/SecureFlow.Tests/bin/Release/net10.0/SecureFlow.Tests.dll" adapterTypeName="executor://xunit/VsTestRunner3/netcore/" className="SecureFlow.Tests.TicketAccessServiceTests" name="NormalUserCannotUseAdminFunctions" />
    </UnitTest>
    <UnitTest name="SecureFlow.Tests.Security.UploadAndAuthenticationControlTests.LoginLimiterNormalisesIpv4MappedAddress" storage="/private/var/folders/ky/bqbnhcbj7771c_n3v78353vh0000gn/t/secureflow-phase6-recovery.p3msn5/secureflow-security-lab/tests/secureflow.tests/bin/release/net10.0/secureflow.tests.dll" id="f5f7bd53-add0-1781-6cb5-55110c0a90f7">
      <Execution id="2055c166-fe45-4945-b56d-c8c28959d354" />
      <TestMethod codeBase="/private/var/folders/ky/bqbnhcbj7771c_n3v78353vh0000gn/T/secureflow-phase6-recovery.p3MsN5/SecureFlow-Security-Lab/tests/SecureFlow.Tests/bin/Release/net10.0/SecureFlow.Tests.dll" adapterTypeName="executor://xunit/VsTestRunner3/netcore/" className="SecureFlow.Tests.Security.UploadAndAuthenticationControlTests" name="LoginLimiterNormalisesIpv4MappedAddress" />
    </UnitTest>
    <UnitTest name="SecureFlow.Tests.TicketAccessServiceTests.AdminCanReadAnotherUsersTicket" storage="/private/var/folders/ky/bqbnhcbj7771c_n3v78353vh0000gn/t/secureflow-phase6-recovery.p3msn5/secureflow-security-lab/tests/secureflow.tests/bin/release/net10.0/secureflow.tests.dll" id="bef68d10-0705-1255-6a16-8f0ce06f02a4">
      <Execution id="93f17c0a-45b6-4b4e-bdbe-e2ba41828476" />
      <TestMethod codeBase="/private/var/folders/ky/bqbnhcbj7771c_n3v78353vh0000gn/T/secureflow-phase6-recovery.p3MsN5/SecureFlow-Security-Lab/tests/SecureFlow.Tests/bin/Release/net10.0/SecureFlow.Tests.dll" adapterTypeName="executor://xunit/VsTestRunner3/netcore/" className="SecureFlow.Tests.TicketAccessServiceTests" name="AdminCanReadAnotherUsersTicket" />
    </UnitTest>
    <UnitTest name="SecureFlow.Tests.Security.FileSecurityScannerTests.RejectsHarmlessSecurityTestMarker" storage="/private/var/folders/ky/bqbnhcbj7771c_n3v78353vh0000gn/t/secureflow-phase6-recovery.p3msn5/secureflow-security-lab/tests/secureflow.tests/bin/release/net10.0/secureflow.tests.dll" id="2eee42e3-7a2a-3503-6f30-3a6f02b58d64">
      <Execution id="c2a780ab-e6ea-4b11-be81-0f25ea1db6b3" />
      <TestMethod codeBase="/private/var/folders/ky/bqbnhcbj7771c_n3v78353vh0000gn/T/secureflow-phase6-recovery.p3MsN5/SecureFlow-Security-Lab/tests/SecureFlow.Tests/bin/Release/net10.0/SecureFlow.Tests.dll" adapterTypeName="executor://xunit/VsTestRunner3/netcore/" className="SecureFlow.Tests.Security.FileSecurityScannerTests" name="RejectsHarmlessSecurityTestMarker" />
    </UnitTest>
    <UnitTest name="SecureFlow.Tests.Security.FileSecurityScannerTests.AcceptsPngSignature" storage="/private/var/folders/ky/bqbnhcbj7771c_n3v78353vh0000gn/t/secureflow-phase6-recovery.p3msn5/secureflow-security-lab/tests/secureflow.tests/bin/release/net10.0/secureflow.tests.dll" id="4fa492d3-4b45-cb80-5d37-2e3569fd365a">
      <Execution id="e8af8748-a4b0-4de9-80fd-484b195e237e" />
      <TestMethod codeBase="/private/var/folders/ky/bqbnhcbj7771c_n3v78353vh0000gn/T/secureflow-phase6-recovery.p3MsN5/SecureFlow-Security-Lab/tests/SecureFlow.Tests/bin/Release/net10.0/SecureFlow.Tests.dll" adapterTypeName="executor://xunit/VsTestRunner3/netcore/" className="SecureFlow.Tests.Security.FileSecurityScannerTests" name="AcceptsPngSignature" />
    </UnitTest>
    <UnitTest name="SecureFlow.Tests.Security.AuthorizationBoundaryTests.NormalUserCannotUseAdministratorFunctions" storage="/private/var/folders/ky/bqbnhcbj7771c_n3v78353vh0000gn/t/secureflow-phase6-recovery.p3msn5/secureflow-security-lab/tests/secureflow.tests/bin/release/net10.0/secureflow.tests.dll" id="2df55b6a-7f8e-4661-6944-b0470eb1dba0">
      <Execution id="003765ca-5fb2-4bb5-9bd1-5746e8cb7ebc" />
      <TestMethod codeBase="/private/var/folders/ky/bqbnhcbj7771c_n3v78353vh0000gn/T/secureflow-phase6-recovery.p3MsN5/SecureFlow-Security-Lab/tests/SecureFlow.Tests/bin/Release/net10.0/SecureFlow.Tests.dll" adapterTypeName="executor://xunit/VsTestRunner3/netcore/" className="SecureFlow.Tests.Security.AuthorizationBoundaryTests" name="NormalUserCannotUseAdministratorFunctions" />
    </UnitTest>
    <UnitTest name="SecureFlow.Tests.CreateTicketViewModelTests.ShortDescriptionFailsValidation" storage="/private/var/folders/ky/bqbnhcbj7771c_n3v78353vh0000gn/t/secureflow-phase6-recovery.p3msn5/secureflow-security-lab/tests/secureflow.tests/bin/release/net10.0/secureflow.tests.dll" id="4ebedf60-660c-8484-95e7-f7654b526541">
      <Execution id="e5f81885-73d7-4249-b992-0eee65fac096" />
      <TestMethod codeBase="/private/var/folders/ky/bqbnhcbj7771c_n3v78353vh0000gn/T/secureflow-phase6-recovery.p3MsN5/SecureFlow-Security-Lab/tests/SecureFlow.Tests/bin/Release/net10.0/SecureFlow.Tests.dll" adapterTypeName="executor://xunit/VsTestRunner3/netcore/" className="SecureFlow.Tests.CreateTicketViewModelTests" name="ShortDescriptionFailsValidation" />
    </UnitTest>
    <UnitTest name="SecureFlow.Tests.Security.AuthorizationBoundaryTests.NonOwnerCannotReadAnotherUsersTicket" storage="/private/var/folders/ky/bqbnhcbj7771c_n3v78353vh0000gn/t/secureflow-phase6-recovery.p3msn5/secureflow-security-lab/tests/secureflow.tests/bin/release/net10.0/secureflow.tests.dll" id="6c0c88a0-56a2-2140-5b29-a98e262a53c1">
      <Execution id="95d3291d-de8d-4c3f-9d66-7b59b052358c" />
      <TestMethod codeBase="/private/var/folders/ky/bqbnhcbj7771c_n3v78353vh0000gn/T/secureflow-phase6-recovery.p3MsN5/SecureFlow-Security-Lab/tests/SecureFlow.Tests/bin/Release/net10.0/SecureFlow.Tests.dll" adapterTypeName="executor://xunit/VsTestRunner3/netcore/" className="SecureFlow.Tests.Security.AuthorizationBoundaryTests" name="NonOwnerCannotReadAnotherUsersTicket" />
    </UnitTest>
    <UnitTest name="SecureFlow.Tests.TicketAccessServiceTests.UserCannotModifyAnotherUsersTicket" storage="/private/var/folders/ky/bqbnhcbj7771c_n3v78353vh0000gn/t/secureflow-phase6-recovery.p3msn5/secureflow-security-lab/tests/secureflow.tests/bin/release/net10.0/secureflow.tests.dll" id="6ab458e2-6527-87e6-1ea0-35f1b2f5354b">
      <Execution id="086ed5fb-809a-4bf9-83b6-d56cb3fad771" />
      <TestMethod codeBase="/private/var/folders/ky/bqbnhcbj7771c_n3v78353vh0000gn/T/secureflow-phase6-recovery.p3MsN5/SecureFlow-Security-Lab/tests/SecureFlow.Tests/bin/Release/net10.0/SecureFlow.Tests.dll" adapterTypeName="executor://xunit/VsTestRunner3/netcore/" className="SecureFlow.Tests.TicketAccessServiceTests" name="UserCannotModifyAnotherUsersTicket" />
    </UnitTest>
    <UnitTest name="SecureFlow.Tests.Security.UploadAndAuthenticationControlTests.ContentSecurityPolicyDisallowsInlineStyles" storage="/private/var/folders/ky/bqbnhcbj7771c_n3v78353vh0000gn/t/secureflow-phase6-recovery.p3msn5/secureflow-security-lab/tests/secureflow.tests/bin/release/net10.0/secureflow.tests.dll" id="be1fc026-2d50-57eb-2401-9a4f1dc54635">
      <Execution id="375f8fbe-3c70-4540-8c6d-3a5e8d53a428" />
      <TestMethod codeBase="/private/var/folders/ky/bqbnhcbj7771c_n3v78353vh0000gn/T/secureflow-phase6-recovery.p3MsN5/SecureFlow-Security-Lab/tests/SecureFlow.Tests/bin/Release/net10.0/SecureFlow.Tests.dll" adapterTypeName="executor://xunit/VsTestRunner3/netcore/" className="SecureFlow.Tests.Security.UploadAndAuthenticationControlTests" name="ContentSecurityPolicyDisallowsInlineStyles" />
    </UnitTest>
    <UnitTest name="SecureFlow.Tests.Security.AuthorizationBoundaryTests.AdministratorCanReadAndModifyAnyTicket" storage="/private/var/folders/ky/bqbnhcbj7771c_n3v78353vh0000gn/t/secureflow-phase6-recovery.p3msn5/secureflow-security-lab/tests/secureflow.tests/bin/release/net10.0/secureflow.tests.dll" id="adfa2f9c-a294-0421-c87f-bf2acf82e005">
      <Execution id="fb5ce6eb-9795-4c1e-949c-7a1dc5186825" />
      <TestMethod codeBase="/private/var/folders/ky/bqbnhcbj7771c_n3v78353vh0000gn/T/secureflow-phase6-recovery.p3MsN5/SecureFlow-Security-Lab/tests/SecureFlow.Tests/bin/Release/net10.0/SecureFlow.Tests.dll" adapterTypeName="executor://xunit/VsTestRunner3/netcore/" className="SecureFlow.Tests.Security.AuthorizationBoundaryTests" name="AdministratorCanReadAndModifyAnyTicket" />
    </UnitTest>
    <UnitTest name="SecureFlow.Tests.CreateTicketViewModelTests.ValidInputPassesValidation" storage="/private/var/folders/ky/bqbnhcbj7771c_n3v78353vh0000gn/t/secureflow-phase6-recovery.p3msn5/secureflow-security-lab/tests/secureflow.tests/bin/release/net10.0/secureflow.tests.dll" id="cbbd54a8-23c5-bdbf-e886-a4608bb79c6c">
      <Execution id="273b83c9-cc01-4d21-91fa-28fb93e49463" />
      <TestMethod codeBase="/private/var/folders/ky/bqbnhcbj7771c_n3v78353vh0000gn/T/secureflow-phase6-recovery.p3MsN5/SecureFlow-Security-Lab/tests/SecureFlow.Tests/bin/Release/net10.0/SecureFlow.Tests.dll" adapterTypeName="executor://xunit/VsTestRunner3/netcore/" className="SecureFlow.Tests.CreateTicketViewModelTests" name="ValidInputPassesValidation" />
    </UnitTest>
    <UnitTest name="SecureFlow.Tests.FileUploadValidatorTests.RejectsMismatchedContentType" storage="/private/var/folders/ky/bqbnhcbj7771c_n3v78353vh0000gn/t/secureflow-phase6-recovery.p3msn5/secureflow-security-lab/tests/secureflow.tests/bin/release/net10.0/secureflow.tests.dll" id="1afc4212-9e34-5bf9-c93c-a664cbc7d83d">
      <Execution id="d29c1a0d-bc61-4058-8a95-3fd6da0c7e5d" />
      <TestMethod codeBase="/private/var/folders/ky/bqbnhcbj7771c_n3v78353vh0000gn/T/secureflow-phase6-recovery.p3MsN5/SecureFlow-Security-Lab/tests/SecureFlow.Tests/bin/Release/net10.0/SecureFlow.Tests.dll" adapterTypeName="executor://xunit/VsTestRunner3/netcore/" className="SecureFlow.Tests.FileUploadValidatorTests" name="RejectsMismatchedContentType" />
    </UnitTest>
    <UnitTest name="SecureFlow.Tests.Security.FileSecurityScannerTests.RejectsPdfWithHtmlContent" storage="/private/var/folders/ky/bqbnhcbj7771c_n3v78353vh0000gn/t/secureflow-phase6-recovery.p3msn5/secureflow-security-lab/tests/secureflow.tests/bin/release/net10.0/secureflow.tests.dll" id="b44d7ce5-63e1-d654-eefa-ed4ca2def114">
      <Execution id="01d1da1f-bdaa-46dc-976a-a2aca9698cc0" />
      <TestMethod codeBase="/private/var/folders/ky/bqbnhcbj7771c_n3v78353vh0000gn/T/secureflow-phase6-recovery.p3MsN5/SecureFlow-Security-Lab/tests/SecureFlow.Tests/bin/Release/net10.0/SecureFlow.Tests.dll" adapterTypeName="executor://xunit/VsTestRunner3/netcore/" className="SecureFlow.Tests.Security.FileSecurityScannerTests" name="RejectsPdfWithHtmlContent" />
    </UnitTest>
    <UnitTest name="SecureFlow.Tests.TicketAccessServiceTests.AdminCanUseAdminFunctions" storage="/private/var/folders/ky/bqbnhcbj7771c_n3v78353vh0000gn/t/secureflow-phase6-recovery.p3msn5/secureflow-security-lab/tests/secureflow.tests/bin/release/net10.0/secureflow.tests.dll" id="a26dd8fc-691b-a791-136a-59481c1639e4">
      <Execution id="70337ff4-d10b-43c2-b889-eb0087ee8c59" />
      <TestMethod codeBase="/private/var/folders/ky/bqbnhcbj7771c_n3v78353vh0000gn/T/secureflow-phase6-recovery.p3MsN5/SecureFlow-Security-Lab/tests/SecureFlow.Tests/bin/Release/net10.0/SecureFlow.Tests.dll" adapterTypeName="executor://xunit/VsTestRunner3/netcore/" className="SecureFlow.Tests.TicketAccessServiceTests" name="AdminCanUseAdminFunctions" />
    </UnitTest>
    <UnitTest name="SecureFlow.Tests.Security.AuthorizationBoundaryTests.NonOwnerCannotModifyAnotherUsersTicket" storage="/private/var/folders/ky/bqbnhcbj7771c_n3v78353vh0000gn/t/secureflow-phase6-recovery.p3msn5/secureflow-security-lab/tests/secureflow.tests/bin/release/net10.0/secureflow.tests.dll" id="5c653dd1-ffff-4153-2a7c-fca9eb8e2b7b">
      <Execution id="ce429df8-e217-40a5-b870-7006d792eb5a" />
      <TestMethod codeBase="/private/var/folders/ky/bqbnhcbj7771c_n3v78353vh0000gn/T/secureflow-phase6-recovery.p3MsN5/SecureFlow-Security-Lab/tests/SecureFlow.Tests/bin/Release/net10.0/SecureFlow.Tests.dll" adapterTypeName="executor://xunit/VsTestRunner3/netcore/" className="SecureFlow.Tests.Security.AuthorizationBoundaryTests" name="NonOwnerCannotModifyAnotherUsersTicket" />
    </UnitTest>
    <UnitTest name="SecureFlow.Tests.Security.AuthorizationBoundaryTests.TicketsControllerRequiresAuthentication" storage="/private/var/folders/ky/bqbnhcbj7771c_n3v78353vh0000gn/t/secureflow-phase6-recovery.p3msn5/secureflow-security-lab/tests/secureflow.tests/bin/release/net10.0/secureflow.tests.dll" id="2d0c1e9c-6e7b-7e99-51a2-803823ddc622">
      <Execution id="a12d4b84-28ec-463c-b65f-17454f90c31d" />
      <TestMethod codeBase="/private/var/folders/ky/bqbnhcbj7771c_n3v78353vh0000gn/T/secureflow-phase6-recovery.p3MsN5/SecureFlow-Security-Lab/tests/SecureFlow.Tests/bin/Release/net10.0/SecureFlow.Tests.dll" adapterTypeName="executor://xunit/VsTestRunner3/netcore/" className="SecureFlow.Tests.Security.AuthorizationBoundaryTests" name="TicketsControllerRequiresAuthentication" />
    </UnitTest>
    <UnitTest name="SecureFlow.Tests.Security.FileSecurityScannerTests.AcceptsJpegSignature" storage="/private/var/folders/ky/bqbnhcbj7771c_n3v78353vh0000gn/t/secureflow-phase6-recovery.p3msn5/secureflow-security-lab/tests/secureflow.tests/bin/release/net10.0/secureflow.tests.dll" id="3fe5a69d-6127-1f18-1b47-f173831ddb8b">
      <Execution id="cd768ada-71f4-46c4-8e32-21e6310a582f" />
      <TestMethod codeBase="/private/var/folders/ky/bqbnhcbj7771c_n3v78353vh0000gn/T/secureflow-phase6-recovery.p3MsN5/SecureFlow-Security-Lab/tests/SecureFlow.Tests/bin/Release/net10.0/SecureFlow.Tests.dll" adapterTypeName="executor://xunit/VsTestRunner3/netcore/" className="SecureFlow.Tests.Security.FileSecurityScannerTests" name="AcceptsJpegSignature" />
    </UnitTest>
  </TestDefinitions>
  <TestEntries>
    <TestEntry testId="a26dd8fc-691b-a791-136a-59481c1639e4" executionId="70337ff4-d10b-43c2-b889-eb0087ee8c59" testListId="8c84fa94-04c1-424b-9868-57a2d4851a1d" />
    <TestEntry testId="bef68d10-0705-1255-6a16-8f0ce06f02a4" executionId="93f17c0a-45b6-4b4e-bdbe-e2ba41828476" testListId="8c84fa94-04c1-424b-9868-57a2d4851a1d" />
    <TestEntry testId="5c653dd1-ffff-4153-2a7c-fca9eb8e2b7b" executionId="ce429df8-e217-40a5-b870-7006d792eb5a" testListId="8c84fa94-04c1-424b-9868-57a2d4851a1d" />
    <TestEntry testId="f13165c1-67d7-6835-343f-3aa303c0c9c2" executionId="e0c8a272-eaf0-4fef-b25d-c64a54f58952" testListId="8c84fa94-04c1-424b-9868-57a2d4851a1d" />
    <TestEntry testId="2eee42e3-7a2a-3503-6f30-3a6f02b58d64" executionId="c2a780ab-e6ea-4b11-be81-0f25ea1db6b3" testListId="8c84fa94-04c1-424b-9868-57a2d4851a1d" />
    <TestEntry testId="1c7a1c16-66f3-58fa-7369-52b3fb1d3ee0" executionId="1d84f830-6add-422f-800f-5d81364f3c51" testListId="8c84fa94-04c1-424b-9868-57a2d4851a1d" />
    <TestEntry testId="b5cc5777-c913-daac-88dc-81a1a60f441f" executionId="41b04a2f-75dc-4586-9cd9-5afbf1d4706f" testListId="8c84fa94-04c1-424b-9868-57a2d4851a1d" />
    <TestEntry testId="ca19abad-9dcd-1c21-6221-9ead7ac05ef7" executionId="f9035494-f483-495a-9b81-321e44795e6c" testListId="8c84fa94-04c1-424b-9868-57a2d4851a1d" />
    <TestEntry testId="0d92c874-d39c-3b78-9cf5-5eed75ec2056" executionId="53b14321-f329-4c7f-8615-7165f3bb6128" testListId="8c84fa94-04c1-424b-9868-57a2d4851a1d" />
    <TestEntry testId="f1116a2b-3506-e158-3498-dbfaf7276798" executionId="ec3ccec2-7bbb-4b58-82d9-2213f96c572a" testListId="8c84fa94-04c1-424b-9868-57a2d4851a1d" />
    <TestEntry testId="8dbfedc5-8319-ce88-d6af-ff68295e8fcb" executionId="cd29a92e-5303-4f9b-934c-5f4fbc4b26ee" testListId="8c84fa94-04c1-424b-9868-57a2d4851a1d" />
    <TestEntry testId="afa781c6-a3e7-1a11-19e0-0f6671446614" executionId="a77df383-2fa9-4387-bed2-809e9ef0e09f" testListId="8c84fa94-04c1-424b-9868-57a2d4851a1d" />
    <TestEntry testId="a61064cc-70a2-b961-162a-af3e222f1ebf" executionId="14789069-aa3d-4439-bd45-c22337bc11d4" testListId="8c84fa94-04c1-424b-9868-57a2d4851a1d" />
    <TestEntry testId="e7e26588-9078-6ffd-0318-8d302168c6fa" executionId="baaaa5aa-20fa-4d7e-943e-49f2359dd0eb" testListId="8c84fa94-04c1-424b-9868-57a2d4851a1d" />
    <TestEntry testId="f5f7bd53-add0-1781-6cb5-55110c0a90f7" executionId="2055c166-fe45-4945-b56d-c8c28959d354" testListId="8c84fa94-04c1-424b-9868-57a2d4851a1d" />
    <TestEntry testId="b0feb852-b9cc-7990-5e12-3bc112d2910f" executionId="6293b042-4fd8-40e2-bb25-7f0f0973b719" testListId="8c84fa94-04c1-424b-9868-57a2d4851a1d" />
    <TestEntry testId="6d1a9017-0d3d-ade1-16fe-6a7205479c05" executionId="dd90480e-116c-4612-bc41-b0c35e8d82b9" testListId="8c84fa94-04c1-424b-9868-57a2d4851a1d" />
    <TestEntry testId="adfa2f9c-a294-0421-c87f-bf2acf82e005" executionId="fb5ce6eb-9795-4c1e-949c-7a1dc5186825" testListId="8c84fa94-04c1-424b-9868-57a2d4851a1d" />
    <TestEntry testId="be1fc026-2d50-57eb-2401-9a4f1dc54635" executionId="375f8fbe-3c70-4540-8c6d-3a5e8d53a428" testListId="8c84fa94-04c1-424b-9868-57a2d4851a1d" />
    <TestEntry testId="3fe5a69d-6127-1f18-1b47-f173831ddb8b" executionId="cd768ada-71f4-46c4-8e32-21e6310a582f" testListId="8c84fa94-04c1-424b-9868-57a2d4851a1d" />
    <TestEntry testId="26616ac5-c6e7-a752-66da-bace189355f2" executionId="645584b8-9d30-480b-b4f9-bcbe74522b37" testListId="8c84fa94-04c1-424b-9868-57a2d4851a1d" />
    <TestEntry testId="2df55b6a-7f8e-4661-6944-b0470eb1dba0" executionId="003765ca-5fb2-4bb5-9bd1-5746e8cb7ebc" testListId="8c84fa94-04c1-424b-9868-57a2d4851a1d" />
    <TestEntry testId="6ab458e2-6527-87e6-1ea0-35f1b2f5354b" executionId="086ed5fb-809a-4bf9-83b6-d56cb3fad771" testListId="8c84fa94-04c1-424b-9868-57a2d4851a1d" />
    <TestEntry testId="f42adb4a-59b6-6ae8-661d-3f316da65d36" executionId="1becceaa-97e3-4d48-8294-a829df05145e" testListId="8c84fa94-04c1-424b-9868-57a2d4851a1d" />
    <TestEntry testId="b44d7ce5-63e1-d654-eefa-ed4ca2def114" executionId="01d1da1f-bdaa-46dc-976a-a2aca9698cc0" testListId="8c84fa94-04c1-424b-9868-57a2d4851a1d" />
    <TestEntry testId="bb7382a3-6637-b15c-0d67-0f751ff2787f" executionId="0e70cc20-3934-4a7c-9f6e-d9cd3073b92f" testListId="8c84fa94-04c1-424b-9868-57a2d4851a1d" />
    <TestEntry testId="aa0ddf90-33dc-1800-98bc-7eaa3d4bd56c" executionId="18c9f843-7706-453d-9e79-d37f72244910" testListId="8c84fa94-04c1-424b-9868-57a2d4851a1d" />
    <TestEntry testId="2d0c1e9c-6e7b-7e99-51a2-803823ddc622" executionId="a12d4b84-28ec-463c-b65f-17454f90c31d" testListId="8c84fa94-04c1-424b-9868-57a2d4851a1d" />
    <TestEntry testId="df9b6f1d-c67d-01c8-c195-e9c059fa6d61" executionId="8a85d2ed-e5b1-4c1b-aea7-c3e91de84532" testListId="8c84fa94-04c1-424b-9868-57a2d4851a1d" />
    <TestEntry testId="6c0c88a0-56a2-2140-5b29-a98e262a53c1" executionId="95d3291d-de8d-4c3f-9d66-7b59b052358c" testListId="8c84fa94-04c1-424b-9868-57a2d4851a1d" />
    <TestEntry testId="cbbd54a8-23c5-bdbf-e886-a4608bb79c6c" executionId="273b83c9-cc01-4d21-91fa-28fb93e49463" testListId="8c84fa94-04c1-424b-9868-57a2d4851a1d" />
    <TestEntry testId="1afc4212-9e34-5bf9-c93c-a664cbc7d83d" executionId="d29c1a0d-bc61-4058-8a95-3fd6da0c7e5d" testListId="8c84fa94-04c1-424b-9868-57a2d4851a1d" />
    <TestEntry testId="4ebedf60-660c-8484-95e7-f7654b526541" executionId="e5f81885-73d7-4249-b992-0eee65fac096" testListId="8c84fa94-04c1-424b-9868-57a2d4851a1d" />
    <TestEntry testId="4fa492d3-4b45-cb80-5d37-2e3569fd365a" executionId="e8af8748-a4b0-4de9-80fd-484b195e237e" testListId="8c84fa94-04c1-424b-9868-57a2d4851a1d" />
  </TestEntries>
  <TestLists>
    <TestList name="Results Not in a List" id="8c84fa94-04c1-424b-9868-57a2d4851a1d" />
    <TestList name="All Loaded Results" id="19431567-8539-422a-85d7-44ee4e166bda" />
  </TestLists>
  <ResultSummary outcome="Completed">
    <Counters total="34" executed="34" passed="34" failed="0" error="0" timeout="0" aborted="0" inconclusive="0" passedButRunAborted="0" notRunnable="0" notExecuted="0" disconnected="0" warning="0" completed="0" inProgress="0" pending="0" />
    <Output>
      <StdOut>[xUnit.net 00:00:00.00] xUnit.net VSTest Adapter v3.1.4+50e68bbb8b (64-bit .NET 10.0.10)
[xUnit.net 00:00:00.04]   Discovering: SecureFlow.Tests
[xUnit.net 00:00:00.06]   Discovered:  SecureFlow.Tests
[xUnit.net 00:00:00.08]   Starting:    SecureFlow.Tests
[xUnit.net 00:00:00.13]   Finished:    SecureFlow.Tests
</StdOut>
    </Output>
  </ResultSummary>
</TestRun>