<?xml version="1.0" encoding="utf-8"?>
<TestRun id="29d38fd1-3241-4576-8ff3-ef94d1d209c9" name="@macbookpro 2026-08-03 00:23:12" xmlns="http://microsoft.com/schemas/VisualStudio/TeamTest/2010">
  <Times creation="2026-08-03T00:23:12.3673070+10:00" queuing="2026-08-03T00:23:12.3673070+10:00" start="2026-08-03T00:23:11.8902430+10:00" finish="2026-08-03T00:23:12.3881500+10:00" />
  <TestSettings name="default" id="d873800d-1159-43eb-8866-41aacb2d2278">
    <Deployment runDeploymentRoot="_macbookpro_2026-08-03_00_23_12" />
  </TestSettings>
  <Results>
    <UnitTestResult executionId="8064e50e-ac7a-4705-91db-10ae420c6af9" testId="afa781c6-a3e7-1a11-19e0-0f6671446614" testName="SecureFlow.Tests.TicketAccessServiceTests.NormalUserCannotUseAdminFunctions" computerName="macbookpro" duration="00:00:00.0000348" startTime="2026-08-03T00:23:12.3386160+10:00" endTime="2026-08-03T00:23:12.3386450+10:00" testType="13cdc9d9-ddb5-4fa4-a97d-d965ccfc6d4b" outcome="Passed" testListId="8c84fa94-04c1-424b-9868-57a2d4851a1d" relativeResultsDirectory="8064e50e-ac7a-4705-91db-10ae420c6af9" />
    <UnitTestResult executionId="07b45da6-7da9-411b-8f26-3e3871e4eb47" testId="5c653dd1-ffff-4153-2a7c-fca9eb8e2b7b" testName="SecureFlow.Tests.Security.AuthorizationBoundaryTests.NonOwnerCannotModifyAnotherUsersTicket" computerName="macbookpro" duration="00:00:00.0000671" startTime="2026-08-03T00:23:12.3452890+10:00" endTime="2026-08-03T00:23:12.3453120+10:00" testType="13cdc9d9-ddb5-4fa4-a97d-d965ccfc6d4b" outcome="Passed" testListId="8c84fa94-04c1-424b-9868-57a2d4851a1d" relativeResultsDirectory="07b45da6-7da9-411b-8f26-3e3871e4eb47" />
    <UnitTestResult executionId="1be8a162-f632-413d-bac8-000a2c1a6549" testId="3fe5a69d-6127-1f18-1b47-f173831ddb8b" testName="SecureFlow.Tests.Security.FileSecurityScannerTests.AcceptsJpegSignature" computerName="macbookpro" duration="00:00:00.0004781" startTime="2026-08-03T00:23:12.3385520+10:00" endTime="2026-08-03T00:23:12.3391090+10:00" testType="13cdc9d9-ddb5-4fa4-a97d-d965ccfc6d4b" outcome="Passed" testListId="8c84fa94-04c1-424b-9868-57a2d4851a1d" relativeResultsDirectory="1be8a162-f632-413d-bac8-000a2c1a6549" />
    <UnitTestResult executionId="d5ea710b-d4ee-4d0e-b4d0-0cfe05b51f63" testId="1c7a1c16-66f3-58fa-7369-52b3fb1d3ee0" testName="SecureFlow.Tests.FileUploadValidatorTests.RemovesPathTraversalFromOriginalName" computerName="macbookpro" duration="00:00:00.0073839" startTime="2026-08-03T00:23:12.3052810+10:00" endTime="2026-08-03T00:23:12.3229120+10:00" testType="13cdc9d9-ddb5-4fa4-a97d-d965ccfc6d4b" outcome="Passed" testListId="8c84fa94-04c1-424b-9868-57a2d4851a1d" relativeResultsDirectory="d5ea710b-d4ee-4d0e-b4d0-0cfe05b51f63" />
    <UnitTestResult executionId="990efcbd-9188-4f96-b864-f5d8818b0522" testId="26616ac5-c6e7-a752-66da-bace189355f2" testName="SecureFlow.Tests.FileUploadValidatorTests.RejectsEmptyFile" computerName="macbookpro" duration="00:00:00.0000665" startTime="2026-08-03T00:23:12.3390530+10:00" endTime="2026-08-03T00:23:12.3390790+10:00" testType="13cdc9d9-ddb5-4fa4-a97d-d965ccfc6d4b" outcome="Passed" testListId="8c84fa94-04c1-424b-9868-57a2d4851a1d" relativeResultsDirectory="990efcbd-9188-4f96-b864-f5d8818b0522" />
    <UnitTestResult executionId="77192380-ce5d-4f8d-9788-e63ef057770d" testId="2d0c1e9c-6e7b-7e99-51a2-803823ddc622" testName="SecureFlow.Tests.Security.AuthorizationBoundaryTests.TicketsControllerRequiresAuthentication" computerName="macbookpro" duration="00:00:00.0001129" startTime="2026-08-03T00:23:12.3454400+10:00" endTime="2026-08-03T00:23:12.3454620+10:00" testType="13cdc9d9-ddb5-4fa4-a97d-d965ccfc6d4b" outcome="Passed" testListId="8c84fa94-04c1-424b-9868-57a2d4851a1d" relativeResultsDirectory="77192380-ce5d-4f8d-9788-e63ef057770d" />
    <UnitTestResult executionId="840f05e7-c547-4de1-b02e-90de08e9b64d" testId="ca19abad-9dcd-1c21-6221-9ead7ac05ef7" testName="SecureFlow.Tests.Security.UploadAndAuthenticationControlTests.UploadEndpointLimitsRequestBeforeModelBinding" computerName="macbookpro" duration="00:00:00.0033550" startTime="2026-08-03T00:23:12.3457110+10:00" endTime="2026-08-03T00:23:12.3457350+10:00" testType="13cdc9d9-ddb5-4fa4-a97d-d965ccfc6d4b" outcome="Passed" testListId="8c84fa94-04c1-424b-9868-57a2d4851a1d" relativeResultsDirectory="840f05e7-c547-4de1-b02e-90de08e9b64d" />
    <UnitTestResult executionId="ee8f5e25-e570-4034-88d4-ed0ae292b40a" testId="bb7382a3-6637-b15c-0d67-0f751ff2787f" testName="SecureFlow.Tests.FileUploadValidatorTests.RejectsOversizedFile" computerName="macbookpro" duration="00:00:00.0000684" startTime="2026-08-03T00:23:12.3388700+10:00" endTime="2026-08-03T00:23:12.3388980+10:00" testType="13cdc9d9-ddb5-4fa4-a97d-d965ccfc6d4b" outcome="Passed" testListId="8c84fa94-04c1-424b-9868-57a2d4851a1d" relativeResultsDirectory="ee8f5e25-e570-4034-88d4-ed0ae292b40a" />
    <UnitTestResult executionId="7a54ee92-b59e-44a7-9367-f32c27004f7a" testId="f13165c1-67d7-6835-343f-3aa303c0c9c2" testName="SecureFlow.Tests.TicketAccessServiceTests.OwnerCanReadOwnTicket" computerName="macbookpro" duration="00:00:00.0000330" startTime="2026-08-03T00:23:12.3228370+10:00" endTime="2026-08-03T00:23:12.3228650+10:00" testType="13cdc9d9-ddb5-4fa4-a97d-d965ccfc6d4b" outcome="Passed" testListId="8c84fa94-04c1-424b-9868-57a2d4851a1d" relativeResultsDirectory="7a54ee92-b59e-44a7-9367-f32c27004f7a" />
    <UnitTestResult executionId="b7bf0cb0-f0c7-413d-83ef-0dcd7fbe13d0" testId="2df55b6a-7f8e-4661-6944-b0470eb1dba0" testName="SecureFlow.Tests.Security.AuthorizationBoundaryTests.NormalUserCannotUseAdministratorFunctions" computerName="macbookpro" duration="00:00:00.0000892" startTime="2026-08-03T00:23:12.3451310+10:00" endTime="2026-08-03T00:23:12.3451550+10:00" testType="13cdc9d9-ddb5-4fa4-a97d-d965ccfc6d4b" outcome="Passed" testListId="8c84fa94-04c1-424b-9868-57a2d4851a1d" relativeResultsDirectory="b7bf0cb0-f0c7-413d-83ef-0dcd7fbe13d0" />
    <UnitTestResult executionId="14c78f5c-6c7d-4c17-bf8a-252f36a826ba" testId="8dbfedc5-8319-ce88-d6af-ff68295e8fcb" testName="SecureFlow.Tests.FileUploadValidatorTests.RejectsExecutableExtension" computerName="macbookpro" duration="00:00:00.0000822" startTime="2026-08-03T00:23:12.3385660+10:00" endTime="2026-08-03T00:23:12.3387910+10:00" testType="13cdc9d9-ddb5-4fa4-a97d-d965ccfc6d4b" outcome="Passed" testListId="8c84fa94-04c1-424b-9868-57a2d4851a1d" relativeResultsDirectory="14c78f5c-6c7d-4c17-bf8a-252f36a826ba" />
    <UnitTestResult executionId="13ced6d4-0b53-4a3e-a328-b48c5fcd5db5" testId="6c0c88a0-56a2-2140-5b29-a98e262a53c1" testName="SecureFlow.Tests.Security.AuthorizationBoundaryTests.NonOwnerCannotReadAnotherUsersTicket" computerName="macbookpro" duration="00:00:00.0002314" startTime="2026-08-03T00:23:12.3452130+10:00" endTime="2026-08-03T00:23:12.3452360+10:00" testType="13cdc9d9-ddb5-4fa4-a97d-d965ccfc6d4b" outcome="Passed" testListId="8c84fa94-04c1-424b-9868-57a2d4851a1d" relativeResultsDirectory="13ced6d4-0b53-4a3e-a328-b48c5fcd5db5" />
    <UnitTestResult executionId="6cb48c73-1c2e-483d-87af-94dc13452f6b" testId="4fa492d3-4b45-cb80-5d37-2e3569fd365a" testName="SecureFlow.Tests.Security.FileSecurityScannerTests.AcceptsPngSignature" computerName="macbookpro" duration="00:00:00.0002822" startTime="2026-08-03T00:23:12.3441640+10:00" endTime="2026-08-03T00:23:12.3444790+10:00" testType="13cdc9d9-ddb5-4fa4-a97d-d965ccfc6d4b" outcome="Passed" testListId="8c84fa94-04c1-424b-9868-57a2d4851a1d" relativeResultsDirectory="6cb48c73-1c2e-483d-87af-94dc13452f6b" />
    <UnitTestResult executionId="45c68587-4fd9-47da-a72c-1b31648d8850" testId="b0feb852-b9cc-7990-5e12-3bc112d2910f" testName="SecureFlow.Tests.Security.AuthorizationBoundaryTests.AdministratorCanUseAdministratorFunctions" computerName="macbookpro" duration="00:00:00.0000666" startTime="2026-08-03T00:23:12.3453650+10:00" endTime="2026-08-03T00:23:12.3453870+10:00" testType="13cdc9d9-ddb5-4fa4-a97d-d965ccfc6d4b" outcome="Passed" testListId="8c84fa94-04c1-424b-9868-57a2d4851a1d" relativeResultsDirectory="45c68587-4fd9-47da-a72c-1b31648d8850" />
    <UnitTestResult executionId="690951b0-e4e3-4380-9d80-3aa456fcec3a" testId="aa0ddf90-33dc-1800-98bc-7eaa3d4bd56c" testName="SecureFlow.Tests.CreateTicketViewModelTests.ShortTitleFailsValidation" computerName="macbookpro" duration="00:00:00.0048205" startTime="2026-08-03T00:23:12.3440860+10:00" endTime="2026-08-03T00:23:12.3446100+10:00" testType="13cdc9d9-ddb5-4fa4-a97d-d965ccfc6d4b" outcome="Passed" testListId="8c84fa94-04c1-424b-9868-57a2d4851a1d" relativeResultsDirectory="690951b0-e4e3-4380-9d80-3aa456fcec3a" />
    <UnitTestResult executionId="6b022488-39c3-40c2-8b3d-610747300dc2" testId="bef68d10-0705-1255-6a16-8f0ce06f02a4" testName="SecureFlow.Tests.TicketAccessServiceTests.AdminCanReadAnotherUsersTicket" computerName="macbookpro" duration="00:00:00.0000585" startTime="2026-08-03T00:23:12.3223200+10:00" endTime="2026-08-03T00:23:12.3223790+10:00" testType="13cdc9d9-ddb5-4fa4-a97d-d965ccfc6d4b" outcome="Passed" testListId="8c84fa94-04c1-424b-9868-57a2d4851a1d" relativeResultsDirectory="6b022488-39c3-40c2-8b3d-610747300dc2" />
    <UnitTestResult executionId="46e56a50-fe73-40fa-9d03-d3b1b7a3972f" testId="cbbd54a8-23c5-bdbf-e886-a4608bb79c6c" testName="SecureFlow.Tests.CreateTicketViewModelTests.ValidInputPassesValidation" computerName="macbookpro" duration="00:00:00.0088138" startTime="2026-08-03T00:23:12.3052560+10:00" endTime="2026-08-03T00:23:12.3440300+10:00" testType="13cdc9d9-ddb5-4fa4-a97d-d965ccfc6d4b" outcome="Passed" testListId="8c84fa94-04c1-424b-9868-57a2d4851a1d" relativeResultsDirectory="46e56a50-fe73-40fa-9d03-d3b1b7a3972f" />
    <UnitTestResult executionId="24927338-267f-442e-a85a-53df687719b9" testId="2eee42e3-7a2a-3503-6f30-3a6f02b58d64" testName="SecureFlow.Tests.Security.FileSecurityScannerTests.RejectsHarmlessSecurityTestMarker" computerName="macbookpro" duration="00:00:00.0002598" startTime="2026-08-03T00:23:12.3440050+10:00" endTime="2026-08-03T00:23:12.3441100+10:00" testType="13cdc9d9-ddb5-4fa4-a97d-d965ccfc6d4b" outcome="Passed" testListId="8c84fa94-04c1-424b-9868-57a2d4851a1d" relativeResultsDirectory="24927338-267f-442e-a85a-53df687719b9" />
    <UnitTestResult executionId="c68d9e8a-f81f-46e2-98cb-3026c718e507" testId="0d92c874-d39c-3b78-9cf5-5eed75ec2056" testName="SecureFlow.Tests.Security.FileSecurityScannerTests.AcceptsValidUtf8Text" computerName="macbookpro" duration="00:00:00.0003374" startTime="2026-08-03T00:23:12.3439230+10:00" endTime="2026-08-03T00:23:12.3439480+10:00" testType="13cdc9d9-ddb5-4fa4-a97d-d965ccfc6d4b" outcome="Passed" testListId="8c84fa94-04c1-424b-9868-57a2d4851a1d" relativeResultsDirectory="c68d9e8a-f81f-46e2-98cb-3026c718e507" />
    <UnitTestResult executionId="cc3c97c1-d92c-43df-9179-756e7ad114b3" testId="adfa2f9c-a294-0421-c87f-bf2acf82e005" testName="SecureFlow.Tests.Security.AuthorizationBoundaryTests.AdministratorCanReadAndModifyAnyTicket" computerName="macbookpro" duration="00:00:00.0000312" startTime="2026-08-03T00:23:12.3455900+10:00" endTime="2026-08-03T00:23:12.3456120+10:00" testType="13cdc9d9-ddb5-4fa4-a97d-d965ccfc6d4b" outcome="Passed" testListId="8c84fa94-04c1-424b-9868-57a2d4851a1d" relativeResultsDirectory="cc3c97c1-d92c-43df-9179-756e7ad114b3" />
    <UnitTestResult executionId="8d0f948c-46d9-4aea-b502-e2b7d9b3de6b" testId="6ab458e2-6527-87e6-1ea0-35f1b2f5354b" testName="SecureFlow.Tests.TicketAccessServiceTests.UserCannotModifyAnotherUsersTicket" computerName="macbookpro" duration="00:00:00.0000675" startTime="2026-08-03T00:23:12.3227220+10:00" endTime="2026-08-03T00:23:12.3227530+10:00" testType="13cdc9d9-ddb5-4fa4-a97d-d965ccfc6d4b" outcome="Passed" testListId="8c84fa94-04c1-424b-9868-57a2d4851a1d" relativeResultsDirectory="8d0f948c-46d9-4aea-b502-e2b7d9b3de6b" />
    <UnitTestResult executionId="4ebc09ee-b228-403c-a89c-dcf174c2b7b1" testId="f42adb4a-59b6-6ae8-661d-3f316da65d36" testName="SecureFlow.Tests.FileUploadValidatorTests.AllowsPdfWithinSizeLimit" computerName="macbookpro" duration="00:00:00.0001364" startTime="2026-08-03T00:23:12.3389660+10:00" endTime="2026-08-03T00:23:12.3389920+10:00" testType="13cdc9d9-ddb5-4fa4-a97d-d965ccfc6d4b" outcome="Passed" testListId="8c84fa94-04c1-424b-9868-57a2d4851a1d" relativeResultsDirectory="4ebc09ee-b228-403c-a89c-dcf174c2b7b1" />
    <UnitTestResult executionId="2984dc76-265d-42d1-8d3d-0e67d7036f4d" testId="1afc4212-9e34-5bf9-c93c-a664cbc7d83d" testName="SecureFlow.Tests.FileUploadValidatorTests.RejectsMismatchedContentType" computerName="macbookpro" duration="00:00:00.0000683" startTime="2026-08-03T00:23:12.3433900+10:00" endTime="2026-08-03T00:23:12.3434250+10:00" testType="13cdc9d9-ddb5-4fa4-a97d-d965ccfc6d4b" outcome="Passed" testListId="8c84fa94-04c1-424b-9868-57a2d4851a1d" relativeResultsDirectory="2984dc76-265d-42d1-8d3d-0e67d7036f4d" />
    <UnitTestResult executionId="e5e7fcf6-c98a-4ba8-b032-a76ac1e88f8b" testId="f1116a2b-3506-e158-3498-dbfaf7276798" testName="SecureFlow.Tests.Security.AuthorizationBoundaryTests.OwnerCanReadAndModifyOwnTicket" computerName="macbookpro" duration="00:00:00.0000400" startTime="2026-08-03T00:23:12.3455150+10:00" endTime="2026-08-03T00:23:12.3455380+10:00" testType="13cdc9d9-ddb5-4fa4-a97d-d965ccfc6d4b" outcome="Passed" testListId="8c84fa94-04c1-424b-9868-57a2d4851a1d" relativeResultsDirectory="e5e7fcf6-c98a-4ba8-b032-a76ac1e88f8b" />
    <UnitTestResult executionId="13a9d9ba-7db0-4ca1-b84f-20482dde8192" testId="b44d7ce5-63e1-d654-eefa-ed4ca2def114" testName="SecureFlow.Tests.Security.FileSecurityScannerTests.RejectsPdfWithHtmlContent" computerName="macbookpro" duration="00:00:00.0003456" startTime="2026-08-03T00:23:12.3432840+10:00" endTime="2026-08-03T00:23:12.3438540+10:00" testType="13cdc9d9-ddb5-4fa4-a97d-d965ccfc6d4b" outcome="Passed" testListId="8c84fa94-04c1-424b-9868-57a2d4851a1d" relativeResultsDirectory="13a9d9ba-7db0-4ca1-b84f-20482dde8192" />
    <UnitTestResult executionId="41c5a939-29cc-431c-99d5-6e727789296c" testId="a61064cc-70a2-b961-162a-af3e222f1ebf" testName="SecureFlow.Tests.Security.AuthorizationBoundaryTests.AdminControllerRequiresTheAdministratorRole" computerName="macbookpro" duration="00:00:00.0188094" startTime="2026-08-03T00:23:12.3052710+10:00" endTime="2026-08-03T00:23:12.3447340+10:00" testType="13cdc9d9-ddb5-4fa4-a97d-d965ccfc6d4b" outcome="Passed" testListId="8c84fa94-04c1-424b-9868-57a2d4851a1d" relativeResultsDirectory="41c5a939-29cc-431c-99d5-6e727789296c" />
    <UnitTestResult executionId="0976b4ea-7e3c-4b95-a5c3-12ab76b902be" testId="be1fc026-2d50-57eb-2401-9a4f1dc54635" testName="SecureFlow.Tests.Security.UploadAndAuthenticationControlTests.ContentSecurityPolicyDisallowsInlineStyles" computerName="macbookpro" duration="00:00:00.0000764" startTime="2026-08-03T00:23:12.3460820+10:00" endTime="2026-08-03T00:23:12.3461070+10:00" testType="13cdc9d9-ddb5-4fa4-a97d-d965ccfc6d4b" outcome="Passed" testListId="8c84fa94-04c1-424b-9868-57a2d4851a1d" relativeResultsDirectory="0976b4ea-7e3c-4b95-a5c3-12ab76b902be" />
    <UnitTestResult executionId="3db6c5fc-8096-43fb-b411-458f6e9e4554" testId="4ebedf60-660c-8484-95e7-f7654b526541" testName="SecureFlow.Tests.CreateTicketViewModelTests.ShortDescriptionFailsValidation" computerName="macbookpro" duration="00:00:00.0001570" startTime="2026-08-03T00:23:12.3446640+10:00" endTime="2026-08-03T00:23:12.3446880+10:00" testType="13cdc9d9-ddb5-4fa4-a97d-d965ccfc6d4b" outcome="Passed" testListId="8c84fa94-04c1-424b-9868-57a2d4851a1d" relativeResultsDirectory="3db6c5fc-8096-43fb-b411-458f6e9e4554" />
    <UnitTestResult executionId="256b1109-ffab-4d8b-847b-458b74545684" testId="df9b6f1d-c67d-01c8-c195-e9c059fa6d61" testName="SecureFlow.Tests.Security.FileSecurityScannerTests.AcceptsPdfWithPdfSignature" computerName="macbookpro" duration="00:00:00.0072794" startTime="2026-08-03T00:23:12.3052310+10:00" endTime="2026-08-03T00:23:12.3229300+10:00" testType="13cdc9d9-ddb5-4fa4-a97d-d965ccfc6d4b" outcome="Passed" testListId="8c84fa94-04c1-424b-9868-57a2d4851a1d" relativeResultsDirectory="256b1109-ffab-4d8b-847b-458b74545684" />
    <UnitTestResult executionId="63bf2249-afef-4488-b448-8aa8e5385046" testId="e7e26588-9078-6ffd-0318-8d302168c6fa" testName="SecureFlow.Tests.Security.FileSecurityScannerTests.RejectsTextContainingNullBytes" computerName="macbookpro" duration="00:00:00.0002445" startTime="2026-08-03T00:23:12.3445380+10:00" endTime="2026-08-03T00:23:12.3445620+10:00" testType="13cdc9d9-ddb5-4fa4-a97d-d965ccfc6d4b" outcome="Passed" testListId="8c84fa94-04c1-424b-9868-57a2d4851a1d" relativeResultsDirectory="63bf2249-afef-4488-b448-8aa8e5385046" />
    <UnitTestResult executionId="318940d0-ee57-4f2d-bab7-148e9dceedfe" testId="b5cc5777-c913-daac-88dc-81a1a60f441f" testName="SecureFlow.Tests.Security.UploadAndAuthenticationControlTests.LoginLimiterPartitionsBySourceAddress" computerName="macbookpro" duration="00:00:00.0205551" startTime="2026-08-03T00:23:12.3044640+10:00" endTime="2026-08-03T00:23:12.3456580+10:00" testType="13cdc9d9-ddb5-4fa4-a97d-d965ccfc6d4b" outcome="Passed" testListId="8c84fa94-04c1-424b-9868-57a2d4851a1d" relativeResultsDirectory="318940d0-ee57-4f2d-bab7-148e9dceedfe" />
    <UnitTestResult executionId="238a9bb0-9f17-4591-846d-0450d2ccc23e" testId="a26dd8fc-691b-a791-136a-59481c1639e4" testName="SecureFlow.Tests.TicketAccessServiceTests.AdminCanUseAdminFunctions" computerName="macbookpro" duration="00:00:00.0000197" startTime="2026-08-03T00:23:12.3387380+10:00" endTime="2026-08-03T00:23:12.3387650+10:00" testType="13cdc9d9-ddb5-4fa4-a97d-d965ccfc6d4b" outcome="Passed" testListId="8c84fa94-04c1-424b-9868-57a2d4851a1d" relativeResultsDirectory="238a9bb0-9f17-4591-846d-0450d2ccc23e" />
    <UnitTestResult executionId="fe4946a3-9e0a-47af-aecb-dc06714c436f" testId="f5f7bd53-add0-1781-6cb5-55110c0a90f7" testName="SecureFlow.Tests.Security.UploadAndAuthenticationControlTests.LoginLimiterNormalisesIpv4MappedAddress" computerName="macbookpro" duration="00:00:00.0021844" startTime="2026-08-03T00:23:12.3461610+10:00" endTime="2026-08-03T00:23:12.3461840+10:00" testType="13cdc9d9-ddb5-4fa4-a97d-d965ccfc6d4b" outcome="Passed" testListId="8c84fa94-04c1-424b-9868-57a2d4851a1d" relativeResultsDirectory="fe4946a3-9e0a-47af-aecb-dc06714c436f" />
    <UnitTestResult executionId="6980a0c5-694b-4e3b-acb2-ec719c57d4ee" testId="6d1a9017-0d3d-ade1-16fe-6a7205479c05" testName="SecureFlow.Tests.TicketAccessServiceTests.UserCannotReadAnotherUsersTicket" computerName="macbookpro" duration="00:00:00.0052562" startTime="2026-08-03T00:23:12.3052920+10:00" endTime="2026-08-03T00:23:12.3146050+10:00" testType="13cdc9d9-ddb5-4fa4-a97d-d965ccfc6d4b" outcome="Passed" testListId="8c84fa94-04c1-424b-9868-57a2d4851a1d" relativeResultsDirectory="6980a0c5-694b-4e3b-acb2-ec719c57d4ee" />
  </Results>
  <TestDefinitions>
    <UnitTest name="SecureFlow.Tests.Security.UploadAndAuthenticationControlTests.LoginLimiterPartitionsBySourceAddress" storage="/private/var/folders/ky/bqbnhcbj7771c_n3v78353vh0000gn/t/secureflow-phase6-governance.nqcrpx/secureflow-security-lab/tests/secureflow.tests/bin/release/net10.0/secureflow.tests.dll" id="b5cc5777-c913-daac-88dc-81a1a60f441f">
      <Execution id="318940d0-ee57-4f2d-bab7-148e9dceedfe" />
      <TestMethod codeBase="/private/var/folders/ky/bqbnhcbj7771c_n3v78353vh0000gn/T/secureflow-phase6-governance.NqcRPX/SecureFlow-Security-Lab/tests/SecureFlow.Tests/bin/Release/net10.0/SecureFlow.Tests.dll" adapterTypeName="executor://xunit/VsTestRunner3/netcore/" className="SecureFlow.Tests.Security.UploadAndAuthenticationControlTests" name="LoginLimiterPartitionsBySourceAddress" />
    </UnitTest>
    <UnitTest name="SecureFlow.Tests.Security.AuthorizationBoundaryTests.AdminControllerRequiresTheAdministratorRole" storage="/private/var/folders/ky/bqbnhcbj7771c_n3v78353vh0000gn/t/secureflow-phase6-governance.nqcrpx/secureflow-security-lab/tests/secureflow.tests/bin/release/net10.0/secureflow.tests.dll" id="a61064cc-70a2-b961-162a-af3e222f1ebf">
      <Execution id="41c5a939-29cc-431c-99d5-6e727789296c" />
      <TestMethod codeBase="/private/var/folders/ky/bqbnhcbj7771c_n3v78353vh0000gn/T/secureflow-phase6-governance.NqcRPX/SecureFlow-Security-Lab/tests/SecureFlow.Tests/bin/Release/net10.0/SecureFlow.Tests.dll" adapterTypeName="executor://xunit/VsTestRunner3/netcore/" className="SecureFlow.Tests.Security.AuthorizationBoundaryTests" name="AdminControllerRequiresTheAdministratorRole" />
    </UnitTest>
    <UnitTest name="SecureFlow.Tests.TicketAccessServiceTests.OwnerCanReadOwnTicket" storage="/private/var/folders/ky/bqbnhcbj7771c_n3v78353vh0000gn/t/secureflow-phase6-governance.nqcrpx/secureflow-security-lab/tests/secureflow.tests/bin/release/net10.0/secureflow.tests.dll" id="f13165c1-67d7-6835-343f-3aa303c0c9c2">
      <Execution id="7a54ee92-b59e-44a7-9367-f32c27004f7a" />
      <TestMethod codeBase="/private/var/folders/ky/bqbnhcbj7771c_n3v78353vh0000gn/T/secureflow-phase6-governance.NqcRPX/SecureFlow-Security-Lab/tests/SecureFlow.Tests/bin/Release/net10.0/SecureFlow.Tests.dll" adapterTypeName="executor://xunit/VsTestRunner3/netcore/" className="SecureFlow.Tests.TicketAccessServiceTests" name="OwnerCanReadOwnTicket" />
    </UnitTest>
    <UnitTest name="SecureFlow.Tests.Security.FileSecurityScannerTests.RejectsTextContainingNullBytes" storage="/private/var/folders/ky/bqbnhcbj7771c_n3v78353vh0000gn/t/secureflow-phase6-governance.nqcrpx/secureflow-security-lab/tests/secureflow.tests/bin/release/net10.0/secureflow.tests.dll" id="e7e26588-9078-6ffd-0318-8d302168c6fa">
      <Execution id="63bf2249-afef-4488-b448-8aa8e5385046" />
      <TestMethod codeBase="/private/var/folders/ky/bqbnhcbj7771c_n3v78353vh0000gn/T/secureflow-phase6-governance.NqcRPX/SecureFlow-Security-Lab/tests/SecureFlow.Tests/bin/Release/net10.0/SecureFlow.Tests.dll" adapterTypeName="executor://xunit/VsTestRunner3/netcore/" className="SecureFlow.Tests.Security.FileSecurityScannerTests" name="RejectsTextContainingNullBytes" />
    </UnitTest>
    <UnitTest name="SecureFlow.Tests.TicketAccessServiceTests.UserCannotReadAnotherUsersTicket" storage="/private/var/folders/ky/bqbnhcbj7771c_n3v78353vh0000gn/t/secureflow-phase6-governance.nqcrpx/secureflow-security-lab/tests/secureflow.tests/bin/release/net10.0/secureflow.tests.dll" id="6d1a9017-0d3d-ade1-16fe-6a7205479c05">
      <Execution id="6980a0c5-694b-4e3b-acb2-ec719c57d4ee" />
      <TestMethod codeBase="/private/var/folders/ky/bqbnhcbj7771c_n3v78353vh0000gn/T/secureflow-phase6-governance.NqcRPX/SecureFlow-Security-Lab/tests/SecureFlow.Tests/bin/Release/net10.0/SecureFlow.Tests.dll" adapterTypeName="executor://xunit/VsTestRunner3/netcore/" className="SecureFlow.Tests.TicketAccessServiceTests" name="UserCannotReadAnotherUsersTicket" />
    </UnitTest>
    <UnitTest name="SecureFlow.Tests.FileUploadValidatorTests.AllowsPdfWithinSizeLimit" storage="/private/var/folders/ky/bqbnhcbj7771c_n3v78353vh0000gn/t/secureflow-phase6-governance.nqcrpx/secureflow-security-lab/tests/secureflow.tests/bin/release/net10.0/secureflow.tests.dll" id="f42adb4a-59b6-6ae8-661d-3f316da65d36">
      <Execution id="4ebc09ee-b228-403c-a89c-dcf174c2b7b1" />
      <TestMethod codeBase="/private/var/folders/ky/bqbnhcbj7771c_n3v78353vh0000gn/T/secureflow-phase6-governance.NqcRPX/SecureFlow-Security-Lab/tests/SecureFlow.Tests/bin/Release/net10.0/SecureFlow.Tests.dll" adapterTypeName="executor://xunit/VsTestRunner3/netcore/" className="SecureFlow.Tests.FileUploadValidatorTests" name="AllowsPdfWithinSizeLimit" />
    </UnitTest>
    <UnitTest name="SecureFlow.Tests.CreateTicketViewModelTests.ShortTitleFailsValidation" storage="/private/var/folders/ky/bqbnhcbj7771c_n3v78353vh0000gn/t/secureflow-phase6-governance.nqcrpx/secureflow-security-lab/tests/secureflow.tests/bin/release/net10.0/secureflow.tests.dll" id="aa0ddf90-33dc-1800-98bc-7eaa3d4bd56c">
      <Execution id="690951b0-e4e3-4380-9d80-3aa456fcec3a" />
      <TestMethod codeBase="/private/var/folders/ky/bqbnhcbj7771c_n3v78353vh0000gn/T/secureflow-phase6-governance.NqcRPX/SecureFlow-Security-Lab/tests/SecureFlow.Tests/bin/Release/net10.0/SecureFlow.Tests.dll" adapterTypeName="executor://xunit/VsTestRunner3/netcore/" className="SecureFlow.Tests.CreateTicketViewModelTests" name="ShortTitleFailsValidation" />
    </UnitTest>
    <UnitTest name="SecureFlow.Tests.FileUploadValidatorTests.RejectsOversizedFile" storage="/private/var/folders/ky/bqbnhcbj7771c_n3v78353vh0000gn/t/secureflow-phase6-governance.nqcrpx/secureflow-security-lab/tests/secureflow.tests/bin/release/net10.0/secureflow.tests.dll" id="bb7382a3-6637-b15c-0d67-0f751ff2787f">
      <Execution id="ee8f5e25-e570-4034-88d4-ed0ae292b40a" />
      <TestMethod codeBase="/private/var/folders/ky/bqbnhcbj7771c_n3v78353vh0000gn/T/secureflow-phase6-governance.NqcRPX/SecureFlow-Security-Lab/tests/SecureFlow.Tests/bin/Release/net10.0/SecureFlow.Tests.dll" adapterTypeName="executor://xunit/VsTestRunner3/netcore/" className="SecureFlow.Tests.FileUploadValidatorTests" name="RejectsOversizedFile" />
    </UnitTest>
    <UnitTest name="SecureFlow.Tests.Security.AuthorizationBoundaryTests.OwnerCanReadAndModifyOwnTicket" storage="/private/var/folders/ky/bqbnhcbj7771c_n3v78353vh0000gn/t/secureflow-phase6-governance.nqcrpx/secureflow-security-lab/tests/secureflow.tests/bin/release/net10.0/secureflow.tests.dll" id="f1116a2b-3506-e158-3498-dbfaf7276798">
      <Execution id="e5e7fcf6-c98a-4ba8-b032-a76ac1e88f8b" />
      <TestMethod codeBase="/private/var/folders/ky/bqbnhcbj7771c_n3v78353vh0000gn/T/secureflow-phase6-governance.NqcRPX/SecureFlow-Security-Lab/tests/SecureFlow.Tests/bin/Release/net10.0/SecureFlow.Tests.dll" adapterTypeName="executor://xunit/VsTestRunner3/netcore/" className="SecureFlow.Tests.Security.AuthorizationBoundaryTests" name="OwnerCanReadAndModifyOwnTicket" />
    </UnitTest>
    <UnitTest name="SecureFlow.Tests.Security.UploadAndAuthenticationControlTests.UploadEndpointLimitsRequestBeforeModelBinding" storage="/private/var/folders/ky/bqbnhcbj7771c_n3v78353vh0000gn/t/secureflow-phase6-governance.nqcrpx/secureflow-security-lab/tests/secureflow.tests/bin/release/net10.0/secureflow.tests.dll" id="ca19abad-9dcd-1c21-6221-9ead7ac05ef7">
      <Execution id="840f05e7-c547-4de1-b02e-90de08e9b64d" />
      <TestMethod codeBase="/private/var/folders/ky/bqbnhcbj7771c_n3v78353vh0000gn/T/secureflow-phase6-governance.NqcRPX/SecureFlow-Security-Lab/tests/SecureFlow.Tests/bin/Release/net10.0/SecureFlow.Tests.dll" adapterTypeName="executor://xunit/VsTestRunner3/netcore/" className="SecureFlow.Tests.Security.UploadAndAuthenticationControlTests" name="UploadEndpointLimitsRequestBeforeModelBinding" />
    </UnitTest>
    <UnitTest name="SecureFlow.Tests.Security.AuthorizationBoundaryTests.AdministratorCanUseAdministratorFunctions" storage="/private/var/folders/ky/bqbnhcbj7771c_n3v78353vh0000gn/t/secureflow-phase6-governance.nqcrpx/secureflow-security-lab/tests/secureflow.tests/bin/release/net10.0/secureflow.tests.dll" id="b0feb852-b9cc-7990-5e12-3bc112d2910f">
      <Execution id="45c68587-4fd9-47da-a72c-1b31648d8850" />
      <TestMethod codeBase="/private/var/folders/ky/bqbnhcbj7771c_n3v78353vh0000gn/T/secureflow-phase6-governance.NqcRPX/SecureFlow-Security-Lab/tests/SecureFlow.Tests/bin/Release/net10.0/SecureFlow.Tests.dll" adapterTypeName="executor://xunit/VsTestRunner3/netcore/" className="SecureFlow.Tests.Security.AuthorizationBoundaryTests" name="AdministratorCanUseAdministratorFunctions" />
    </UnitTest>
    <UnitTest name="SecureFlow.Tests.Security.FileSecurityScannerTests.AcceptsValidUtf8Text" storage="/private/var/folders/ky/bqbnhcbj7771c_n3v78353vh0000gn/t/secureflow-phase6-governance.nqcrpx/secureflow-security-lab/tests/secureflow.tests/bin/release/net10.0/secureflow.tests.dll" id="0d92c874-d39c-3b78-9cf5-5eed75ec2056">
      <Execution id="c68d9e8a-f81f-46e2-98cb-3026c718e507" />
      <TestMethod codeBase="/private/var/folders/ky/bqbnhcbj7771c_n3v78353vh0000gn/T/secureflow-phase6-governance.NqcRPX/SecureFlow-Security-Lab/tests/SecureFlow.Tests/bin/Release/net10.0/SecureFlow.Tests.dll" adapterTypeName="executor://xunit/VsTestRunner3/netcore/" className="SecureFlow.Tests.Security.FileSecurityScannerTests" name="AcceptsValidUtf8Text" />
    </UnitTest>
    <UnitTest name="SecureFlow.Tests.FileUploadValidatorTests.RejectsEmptyFile" storage="/private/var/folders/ky/bqbnhcbj7771c_n3v78353vh0000gn/t/secureflow-phase6-governance.nqcrpx/secureflow-security-lab/tests/secureflow.tests/bin/release/net10.0/secureflow.tests.dll" id="26616ac5-c6e7-a752-66da-bace189355f2">
      <Execution id="990efcbd-9188-4f96-b864-f5d8818b0522" />
      <TestMethod codeBase="/private/var/folders/ky/bqbnhcbj7771c_n3v78353vh0000gn/T/secureflow-phase6-governance.NqcRPX/SecureFlow-Security-Lab/tests/SecureFlow.Tests/bin/Release/net10.0/SecureFlow.Tests.dll" adapterTypeName="executor://xunit/VsTestRunner3/netcore/" className="SecureFlow.Tests.FileUploadValidatorTests" name="RejectsEmptyFile" />
    </UnitTest>
    <UnitTest name="SecureFlow.Tests.Security.FileSecurityScannerTests.AcceptsPdfWithPdfSignature" storage="/private/var/folders/ky/bqbnhcbj7771c_n3v78353vh0000gn/t/secureflow-phase6-governance.nqcrpx/secureflow-security-lab/tests/secureflow.tests/bin/release/net10.0/secureflow.tests.dll" id="df9b6f1d-c67d-01c8-c195-e9c059fa6d61">
      <Execution id="256b1109-ffab-4d8b-847b-458b74545684" />
      <TestMethod codeBase="/private/var/folders/ky/bqbnhcbj7771c_n3v78353vh0000gn/T/secureflow-phase6-governance.NqcRPX/SecureFlow-Security-Lab/tests/SecureFlow.Tests/bin/Release/net10.0/SecureFlow.Tests.dll" adapterTypeName="executor://xunit/VsTestRunner3/netcore/" className="SecureFlow.Tests.Security.FileSecurityScannerTests" name="AcceptsPdfWithPdfSignature" />
    </UnitTest>
    <UnitTest name="SecureFlow.Tests.FileUploadValidatorTests.RejectsExecutableExtension" storage="/private/var/folders/ky/bqbnhcbj7771c_n3v78353vh0000gn/t/secureflow-phase6-governance.nqcrpx/secureflow-security-lab/tests/secureflow.tests/bin/release/net10.0/secureflow.tests.dll" id="8dbfedc5-8319-ce88-d6af-ff68295e8fcb">
      <Execution id="14c78f5c-6c7d-4c17-bf8a-252f36a826ba" />
      <TestMethod codeBase="/private/var/folders/ky/bqbnhcbj7771c_n3v78353vh0000gn/T/secureflow-phase6-governance.NqcRPX/SecureFlow-Security-Lab/tests/SecureFlow.Tests/bin/Release/net10.0/SecureFlow.Tests.dll" adapterTypeName="executor://xunit/VsTestRunner3/netcore/" className="SecureFlow.Tests.FileUploadValidatorTests" name="RejectsExecutableExtension" />
    </UnitTest>
    <UnitTest name="SecureFlow.Tests.FileUploadValidatorTests.RemovesPathTraversalFromOriginalName" storage="/private/var/folders/ky/bqbnhcbj7771c_n3v78353vh0000gn/t/secureflow-phase6-governance.nqcrpx/secureflow-security-lab/tests/secureflow.tests/bin/release/net10.0/secureflow.tests.dll" id="1c7a1c16-66f3-58fa-7369-52b3fb1d3ee0">
      <Execution id="d5ea710b-d4ee-4d0e-b4d0-0cfe05b51f63" />
      <TestMethod codeBase="/private/var/folders/ky/bqbnhcbj7771c_n3v78353vh0000gn/T/secureflow-phase6-governance.NqcRPX/SecureFlow-Security-Lab/tests/SecureFlow.Tests/bin/Release/net10.0/SecureFlow.Tests.dll" adapterTypeName="executor://xunit/VsTestRunner3/netcore/" className="SecureFlow.Tests.FileUploadValidatorTests" name="RemovesPathTraversalFromOriginalName" />
    </UnitTest>
    <UnitTest name="SecureFlow.Tests.TicketAccessServiceTests.NormalUserCannotUseAdminFunctions" storage="/private/var/folders/ky/bqbnhcbj7771c_n3v78353vh0000gn/t/secureflow-phase6-governance.nqcrpx/secureflow-security-lab/tests/secureflow.tests/bin/release/net10.0/secureflow.tests.dll" id="afa781c6-a3e7-1a11-19e0-0f6671446614">
      <Execution id="8064e50e-ac7a-4705-91db-10ae420c6af9" />
      <TestMethod codeBase="/private/var/folders/ky/bqbnhcbj7771c_n3v78353vh0000gn/T/secureflow-phase6-governance.NqcRPX/SecureFlow-Security-Lab/tests/SecureFlow.Tests/bin/Release/net10.0/SecureFlow.Tests.dll" adapterTypeName="executor://xunit/VsTestRunner3/netcore/" className="SecureFlow.Tests.TicketAccessServiceTests" name="NormalUserCannotUseAdminFunctions" />
    </UnitTest>
    <UnitTest name="SecureFlow.Tests.Security.UploadAndAuthenticationControlTests.LoginLimiterNormalisesIpv4MappedAddress" storage="/private/var/folders/ky/bqbnhcbj7771c_n3v78353vh0000gn/t/secureflow-phase6-governance.nqcrpx/secureflow-security-lab/tests/secureflow.tests/bin/release/net10.0/secureflow.tests.dll" id="f5f7bd53-add0-1781-6cb5-55110c0a90f7">
      <Execution id="fe4946a3-9e0a-47af-aecb-dc06714c436f" />
      <TestMethod codeBase="/private/var/folders/ky/bqbnhcbj7771c_n3v78353vh0000gn/T/secureflow-phase6-governance.NqcRPX/SecureFlow-Security-Lab/tests/SecureFlow.Tests/bin/Release/net10.0/SecureFlow.Tests.dll" adapterTypeName="executor://xunit/VsTestRunner3/netcore/" className="SecureFlow.Tests.Security.UploadAndAuthenticationControlTests" name="LoginLimiterNormalisesIpv4MappedAddress" />
    </UnitTest>
    <UnitTest name="SecureFlow.Tests.TicketAccessServiceTests.AdminCanReadAnotherUsersTicket" storage="/private/var/folders/ky/bqbnhcbj7771c_n3v78353vh0000gn/t/secureflow-phase6-governance.nqcrpx/secureflow-security-lab/tests/secureflow.tests/bin/release/net10.0/secureflow.tests.dll" id="bef68d10-0705-1255-6a16-8f0ce06f02a4">
      <Execution id="6b022488-39c3-40c2-8b3d-610747300dc2" />
      <TestMethod codeBase="/private/var/folders/ky/bqbnhcbj7771c_n3v78353vh0000gn/T/secureflow-phase6-governance.NqcRPX/SecureFlow-Security-Lab/tests/SecureFlow.Tests/bin/Release/net10.0/SecureFlow.Tests.dll" adapterTypeName="executor://xunit/VsTestRunner3/netcore/" className="SecureFlow.Tests.TicketAccessServiceTests" name="AdminCanReadAnotherUsersTicket" />
    </UnitTest>
    <UnitTest name="SecureFlow.Tests.Security.FileSecurityScannerTests.RejectsHarmlessSecurityTestMarker" storage="/private/var/folders/ky/bqbnhcbj7771c_n3v78353vh0000gn/t/secureflow-phase6-governance.nqcrpx/secureflow-security-lab/tests/secureflow.tests/bin/release/net10.0/secureflow.tests.dll" id="2eee42e3-7a2a-3503-6f30-3a6f02b58d64">
      <Execution id="24927338-267f-442e-a85a-53df687719b9" />
      <TestMethod codeBase="/private/var/folders/ky/bqbnhcbj7771c_n3v78353vh0000gn/T/secureflow-phase6-governance.NqcRPX/SecureFlow-Security-Lab/tests/SecureFlow.Tests/bin/Release/net10.0/SecureFlow.Tests.dll" adapterTypeName="executor://xunit/VsTestRunner3/netcore/" className="SecureFlow.Tests.Security.FileSecurityScannerTests" name="RejectsHarmlessSecurityTestMarker" />
    </UnitTest>
    <UnitTest name="SecureFlow.Tests.Security.FileSecurityScannerTests.AcceptsPngSignature" storage="/private/var/folders/ky/bqbnhcbj7771c_n3v78353vh0000gn/t/secureflow-phase6-governance.nqcrpx/secureflow-security-lab/tests/secureflow.tests/bin/release/net10.0/secureflow.tests.dll" id="4fa492d3-4b45-cb80-5d37-2e3569fd365a">
      <Execution id="6cb48c73-1c2e-483d-87af-94dc13452f6b" />
      <TestMethod codeBase="/private/var/folders/ky/bqbnhcbj7771c_n3v78353vh0000gn/T/secureflow-phase6-governance.NqcRPX/SecureFlow-Security-Lab/tests/SecureFlow.Tests/bin/Release/net10.0/SecureFlow.Tests.dll" adapterTypeName="executor://xunit/VsTestRunner3/netcore/" className="SecureFlow.Tests.Security.FileSecurityScannerTests" name="AcceptsPngSignature" />
    </UnitTest>
    <UnitTest name="SecureFlow.Tests.Security.AuthorizationBoundaryTests.NormalUserCannotUseAdministratorFunctions" storage="/private/var/folders/ky/bqbnhcbj7771c_n3v78353vh0000gn/t/secureflow-phase6-governance.nqcrpx/secureflow-security-lab/tests/secureflow.tests/bin/release/net10.0/secureflow.tests.dll" id="2df55b6a-7f8e-4661-6944-b0470eb1dba0">
      <Execution id="b7bf0cb0-f0c7-413d-83ef-0dcd7fbe13d0" />
      <TestMethod codeBase="/private/var/folders/ky/bqbnhcbj7771c_n3v78353vh0000gn/T/secureflow-phase6-governance.NqcRPX/SecureFlow-Security-Lab/tests/SecureFlow.Tests/bin/Release/net10.0/SecureFlow.Tests.dll" adapterTypeName="executor://xunit/VsTestRunner3/netcore/" className="SecureFlow.Tests.Security.AuthorizationBoundaryTests" name="NormalUserCannotUseAdministratorFunctions" />
    </UnitTest>
    <UnitTest name="SecureFlow.Tests.CreateTicketViewModelTests.ShortDescriptionFailsValidation" storage="/private/var/folders/ky/bqbnhcbj7771c_n3v78353vh0000gn/t/secureflow-phase6-governance.nqcrpx/secureflow-security-lab/tests/secureflow.tests/bin/release/net10.0/secureflow.tests.dll" id="4ebedf60-660c-8484-95e7-f7654b526541">
      <Execution id="3db6c5fc-8096-43fb-b411-458f6e9e4554" />
      <TestMethod codeBase="/private/var/folders/ky/bqbnhcbj7771c_n3v78353vh0000gn/T/secureflow-phase6-governance.NqcRPX/SecureFlow-Security-Lab/tests/SecureFlow.Tests/bin/Release/net10.0/SecureFlow.Tests.dll" adapterTypeName="executor://xunit/VsTestRunner3/netcore/" className="SecureFlow.Tests.CreateTicketViewModelTests" name="ShortDescriptionFailsValidation" />
    </UnitTest>
    <UnitTest name="SecureFlow.Tests.Security.AuthorizationBoundaryTests.NonOwnerCannotReadAnotherUsersTicket" storage="/private/var/folders/ky/bqbnhcbj7771c_n3v78353vh0000gn/t/secureflow-phase6-governance.nqcrpx/secureflow-security-lab/tests/secureflow.tests/bin/release/net10.0/secureflow.tests.dll" id="6c0c88a0-56a2-2140-5b29-a98e262a53c1">
      <Execution id="13ced6d4-0b53-4a3e-a328-b48c5fcd5db5" />
      <TestMethod codeBase="/private/var/folders/ky/bqbnhcbj7771c_n3v78353vh0000gn/T/secureflow-phase6-governance.NqcRPX/SecureFlow-Security-Lab/tests/SecureFlow.Tests/bin/Release/net10.0/SecureFlow.Tests.dll" adapterTypeName="executor://xunit/VsTestRunner3/netcore/" className="SecureFlow.Tests.Security.AuthorizationBoundaryTests" name="NonOwnerCannotReadAnotherUsersTicket" />
    </UnitTest>
    <UnitTest name="SecureFlow.Tests.TicketAccessServiceTests.UserCannotModifyAnotherUsersTicket" storage="/private/var/folders/ky/bqbnhcbj7771c_n3v78353vh0000gn/t/secureflow-phase6-governance.nqcrpx/secureflow-security-lab/tests/secureflow.tests/bin/release/net10.0/secureflow.tests.dll" id="6ab458e2-6527-87e6-1ea0-35f1b2f5354b">
      <Execution id="8d0f948c-46d9-4aea-b502-e2b7d9b3de6b" />
      <TestMethod codeBase="/private/var/folders/ky/bqbnhcbj7771c_n3v78353vh0000gn/T/secureflow-phase6-governance.NqcRPX/SecureFlow-Security-Lab/tests/SecureFlow.Tests/bin/Release/net10.0/SecureFlow.Tests.dll" adapterTypeName="executor://xunit/VsTestRunner3/netcore/" className="SecureFlow.Tests.TicketAccessServiceTests" name="UserCannotModifyAnotherUsersTicket" />
    </UnitTest>
    <UnitTest name="SecureFlow.Tests.Security.UploadAndAuthenticationControlTests.ContentSecurityPolicyDisallowsInlineStyles" storage="/private/var/folders/ky/bqbnhcbj7771c_n3v78353vh0000gn/t/secureflow-phase6-governance.nqcrpx/secureflow-security-lab/tests/secureflow.tests/bin/release/net10.0/secureflow.tests.dll" id="be1fc026-2d50-57eb-2401-9a4f1dc54635">
      <Execution id="0976b4ea-7e3c-4b95-a5c3-12ab76b902be" />
      <TestMethod codeBase="/private/var/folders/ky/bqbnhcbj7771c_n3v78353vh0000gn/T/secureflow-phase6-governance.NqcRPX/SecureFlow-Security-Lab/tests/SecureFlow.Tests/bin/Release/net10.0/SecureFlow.Tests.dll" adapterTypeName="executor://xunit/VsTestRunner3/netcore/" className="SecureFlow.Tests.Security.UploadAndAuthenticationControlTests" name="ContentSecurityPolicyDisallowsInlineStyles" />
    </UnitTest>
    <UnitTest name="SecureFlow.Tests.Security.AuthorizationBoundaryTests.AdministratorCanReadAndModifyAnyTicket" storage="/private/var/folders/ky/bqbnhcbj7771c_n3v78353vh0000gn/t/secureflow-phase6-governance.nqcrpx/secureflow-security-lab/tests/secureflow.tests/bin/release/net10.0/secureflow.tests.dll" id="adfa2f9c-a294-0421-c87f-bf2acf82e005">
      <Execution id="cc3c97c1-d92c-43df-9179-756e7ad114b3" />
      <TestMethod codeBase="/private/var/folders/ky/bqbnhcbj7771c_n3v78353vh0000gn/T/secureflow-phase6-governance.NqcRPX/SecureFlow-Security-Lab/tests/SecureFlow.Tests/bin/Release/net10.0/SecureFlow.Tests.dll" adapterTypeName="executor://xunit/VsTestRunner3/netcore/" className="SecureFlow.Tests.Security.AuthorizationBoundaryTests" name="AdministratorCanReadAndModifyAnyTicket" />
    </UnitTest>
    <UnitTest name="SecureFlow.Tests.CreateTicketViewModelTests.ValidInputPassesValidation" storage="/private/var/folders/ky/bqbnhcbj7771c_n3v78353vh0000gn/t/secureflow-phase6-governance.nqcrpx/secureflow-security-lab/tests/secureflow.tests/bin/release/net10.0/secureflow.tests.dll" id="cbbd54a8-23c5-bdbf-e886-a4608bb79c6c">
      <Execution id="46e56a50-fe73-40fa-9d03-d3b1b7a3972f" />
      <TestMethod codeBase="/private/var/folders/ky/bqbnhcbj7771c_n3v78353vh0000gn/T/secureflow-phase6-governance.NqcRPX/SecureFlow-Security-Lab/tests/SecureFlow.Tests/bin/Release/net10.0/SecureFlow.Tests.dll" adapterTypeName="executor://xunit/VsTestRunner3/netcore/" className="SecureFlow.Tests.CreateTicketViewModelTests" name="ValidInputPassesValidation" />
    </UnitTest>
    <UnitTest name="SecureFlow.Tests.FileUploadValidatorTests.RejectsMismatchedContentType" storage="/private/var/folders/ky/bqbnhcbj7771c_n3v78353vh0000gn/t/secureflow-phase6-governance.nqcrpx/secureflow-security-lab/tests/secureflow.tests/bin/release/net10.0/secureflow.tests.dll" id="1afc4212-9e34-5bf9-c93c-a664cbc7d83d">
      <Execution id="2984dc76-265d-42d1-8d3d-0e67d7036f4d" />
      <TestMethod codeBase="/private/var/folders/ky/bqbnhcbj7771c_n3v78353vh0000gn/T/secureflow-phase6-governance.NqcRPX/SecureFlow-Security-Lab/tests/SecureFlow.Tests/bin/Release/net10.0/SecureFlow.Tests.dll" adapterTypeName="executor://xunit/VsTestRunner3/netcore/" className="SecureFlow.Tests.FileUploadValidatorTests" name="RejectsMismatchedContentType" />
    </UnitTest>
    <UnitTest name="SecureFlow.Tests.Security.FileSecurityScannerTests.RejectsPdfWithHtmlContent" storage="/private/var/folders/ky/bqbnhcbj7771c_n3v78353vh0000gn/t/secureflow-phase6-governance.nqcrpx/secureflow-security-lab/tests/secureflow.tests/bin/release/net10.0/secureflow.tests.dll" id="b44d7ce5-63e1-d654-eefa-ed4ca2def114">
      <Execution id="13a9d9ba-7db0-4ca1-b84f-20482dde8192" />
      <TestMethod codeBase="/private/var/folders/ky/bqbnhcbj7771c_n3v78353vh0000gn/T/secureflow-phase6-governance.NqcRPX/SecureFlow-Security-Lab/tests/SecureFlow.Tests/bin/Release/net10.0/SecureFlow.Tests.dll" adapterTypeName="executor://xunit/VsTestRunner3/netcore/" className="SecureFlow.Tests.Security.FileSecurityScannerTests" name="RejectsPdfWithHtmlContent" />
    </UnitTest>
    <UnitTest name="SecureFlow.Tests.Security.AuthorizationBoundaryTests.NonOwnerCannotModifyAnotherUsersTicket" storage="/private/var/folders/ky/bqbnhcbj7771c_n3v78353vh0000gn/t/secureflow-phase6-governance.nqcrpx/secureflow-security-lab/tests/secureflow.tests/bin/release/net10.0/secureflow.tests.dll" id="5c653dd1-ffff-4153-2a7c-fca9eb8e2b7b">
      <Execution id="07b45da6-7da9-411b-8f26-3e3871e4eb47" />
      <TestMethod codeBase="/private/var/folders/ky/bqbnhcbj7771c_n3v78353vh0000gn/T/secureflow-phase6-governance.NqcRPX/SecureFlow-Security-Lab/tests/SecureFlow.Tests/bin/Release/net10.0/SecureFlow.Tests.dll" adapterTypeName="executor://xunit/VsTestRunner3/netcore/" className="SecureFlow.Tests.Security.AuthorizationBoundaryTests" name="NonOwnerCannotModifyAnotherUsersTicket" />
    </UnitTest>
    <UnitTest name="SecureFlow.Tests.TicketAccessServiceTests.AdminCanUseAdminFunctions" storage="/private/var/folders/ky/bqbnhcbj7771c_n3v78353vh0000gn/t/secureflow-phase6-governance.nqcrpx/secureflow-security-lab/tests/secureflow.tests/bin/release/net10.0/secureflow.tests.dll" id="a26dd8fc-691b-a791-136a-59481c1639e4">
      <Execution id="238a9bb0-9f17-4591-846d-0450d2ccc23e" />
      <TestMethod codeBase="/private/var/folders/ky/bqbnhcbj7771c_n3v78353vh0000gn/T/secureflow-phase6-governance.NqcRPX/SecureFlow-Security-Lab/tests/SecureFlow.Tests/bin/Release/net10.0/SecureFlow.Tests.dll" adapterTypeName="executor://xunit/VsTestRunner3/netcore/" className="SecureFlow.Tests.TicketAccessServiceTests" name="AdminCanUseAdminFunctions" />
    </UnitTest>
    <UnitTest name="SecureFlow.Tests.Security.AuthorizationBoundaryTests.TicketsControllerRequiresAuthentication" storage="/private/var/folders/ky/bqbnhcbj7771c_n3v78353vh0000gn/t/secureflow-phase6-governance.nqcrpx/secureflow-security-lab/tests/secureflow.tests/bin/release/net10.0/secureflow.tests.dll" id="2d0c1e9c-6e7b-7e99-51a2-803823ddc622">
      <Execution id="77192380-ce5d-4f8d-9788-e63ef057770d" />
      <TestMethod codeBase="/private/var/folders/ky/bqbnhcbj7771c_n3v78353vh0000gn/T/secureflow-phase6-governance.NqcRPX/SecureFlow-Security-Lab/tests/SecureFlow.Tests/bin/Release/net10.0/SecureFlow.Tests.dll" adapterTypeName="executor://xunit/VsTestRunner3/netcore/" className="SecureFlow.Tests.Security.AuthorizationBoundaryTests" name="TicketsControllerRequiresAuthentication" />
    </UnitTest>
    <UnitTest name="SecureFlow.Tests.Security.FileSecurityScannerTests.AcceptsJpegSignature" storage="/private/var/folders/ky/bqbnhcbj7771c_n3v78353vh0000gn/t/secureflow-phase6-governance.nqcrpx/secureflow-security-lab/tests/secureflow.tests/bin/release/net10.0/secureflow.tests.dll" id="3fe5a69d-6127-1f18-1b47-f173831ddb8b">
      <Execution id="1be8a162-f632-413d-bac8-000a2c1a6549" />
      <TestMethod codeBase="/private/var/folders/ky/bqbnhcbj7771c_n3v78353vh0000gn/T/secureflow-phase6-governance.NqcRPX/SecureFlow-Security-Lab/tests/SecureFlow.Tests/bin/Release/net10.0/SecureFlow.Tests.dll" adapterTypeName="executor://xunit/VsTestRunner3/netcore/" className="SecureFlow.Tests.Security.FileSecurityScannerTests" name="AcceptsJpegSignature" />
    </UnitTest>
  </TestDefinitions>
  <TestEntries>
    <TestEntry testId="afa781c6-a3e7-1a11-19e0-0f6671446614" executionId="8064e50e-ac7a-4705-91db-10ae420c6af9" testListId="8c84fa94-04c1-424b-9868-57a2d4851a1d" />
    <TestEntry testId="5c653dd1-ffff-4153-2a7c-fca9eb8e2b7b" executionId="07b45da6-7da9-411b-8f26-3e3871e4eb47" testListId="8c84fa94-04c1-424b-9868-57a2d4851a1d" />
    <TestEntry testId="3fe5a69d-6127-1f18-1b47-f173831ddb8b" executionId="1be8a162-f632-413d-bac8-000a2c1a6549" testListId="8c84fa94-04c1-424b-9868-57a2d4851a1d" />
    <TestEntry testId="1c7a1c16-66f3-58fa-7369-52b3fb1d3ee0" executionId="d5ea710b-d4ee-4d0e-b4d0-0cfe05b51f63" testListId="8c84fa94-04c1-424b-9868-57a2d4851a1d" />
    <TestEntry testId="26616ac5-c6e7-a752-66da-bace189355f2" executionId="990efcbd-9188-4f96-b864-f5d8818b0522" testListId="8c84fa94-04c1-424b-9868-57a2d4851a1d" />
    <TestEntry testId="2d0c1e9c-6e7b-7e99-51a2-803823ddc622" executionId="77192380-ce5d-4f8d-9788-e63ef057770d" testListId="8c84fa94-04c1-424b-9868-57a2d4851a1d" />
    <TestEntry testId="ca19abad-9dcd-1c21-6221-9ead7ac05ef7" executionId="840f05e7-c547-4de1-b02e-90de08e9b64d" testListId="8c84fa94-04c1-424b-9868-57a2d4851a1d" />
    <TestEntry testId="bb7382a3-6637-b15c-0d67-0f751ff2787f" executionId="ee8f5e25-e570-4034-88d4-ed0ae292b40a" testListId="8c84fa94-04c1-424b-9868-57a2d4851a1d" />
    <TestEntry testId="f13165c1-67d7-6835-343f-3aa303c0c9c2" executionId="7a54ee92-b59e-44a7-9367-f32c27004f7a" testListId="8c84fa94-04c1-424b-9868-57a2d4851a1d" />
    <TestEntry testId="2df55b6a-7f8e-4661-6944-b0470eb1dba0" executionId="b7bf0cb0-f0c7-413d-83ef-0dcd7fbe13d0" testListId="8c84fa94-04c1-424b-9868-57a2d4851a1d" />
    <TestEntry testId="8dbfedc5-8319-ce88-d6af-ff68295e8fcb" executionId="14c78f5c-6c7d-4c17-bf8a-252f36a826ba" testListId="8c84fa94-04c1-424b-9868-57a2d4851a1d" />
    <TestEntry testId="6c0c88a0-56a2-2140-5b29-a98e262a53c1" executionId="13ced6d4-0b53-4a3e-a328-b48c5fcd5db5" testListId="8c84fa94-04c1-424b-9868-57a2d4851a1d" />
    <TestEntry testId="4fa492d3-4b45-cb80-5d37-2e3569fd365a" executionId="6cb48c73-1c2e-483d-87af-94dc13452f6b" testListId="8c84fa94-04c1-424b-9868-57a2d4851a1d" />
    <TestEntry testId="b0feb852-b9cc-7990-5e12-3bc112d2910f" executionId="45c68587-4fd9-47da-a72c-1b31648d8850" testListId="8c84fa94-04c1-424b-9868-57a2d4851a1d" />
    <TestEntry testId="aa0ddf90-33dc-1800-98bc-7eaa3d4bd56c" executionId="690951b0-e4e3-4380-9d80-3aa456fcec3a" testListId="8c84fa94-04c1-424b-9868-57a2d4851a1d" />
    <TestEntry testId="bef68d10-0705-1255-6a16-8f0ce06f02a4" executionId="6b022488-39c3-40c2-8b3d-610747300dc2" testListId="8c84fa94-04c1-424b-9868-57a2d4851a1d" />
    <TestEntry testId="cbbd54a8-23c5-bdbf-e886-a4608bb79c6c" executionId="46e56a50-fe73-40fa-9d03-d3b1b7a3972f" testListId="8c84fa94-04c1-424b-9868-57a2d4851a1d" />
    <TestEntry testId="2eee42e3-7a2a-3503-6f30-3a6f02b58d64" executionId="24927338-267f-442e-a85a-53df687719b9" testListId="8c84fa94-04c1-424b-9868-57a2d4851a1d" />
    <TestEntry testId="0d92c874-d39c-3b78-9cf5-5eed75ec2056" executionId="c68d9e8a-f81f-46e2-98cb-3026c718e507" testListId="8c84fa94-04c1-424b-9868-57a2d4851a1d" />
    <TestEntry testId="adfa2f9c-a294-0421-c87f-bf2acf82e005" executionId="cc3c97c1-d92c-43df-9179-756e7ad114b3" testListId="8c84fa94-04c1-424b-9868-57a2d4851a1d" />
    <TestEntry testId="6ab458e2-6527-87e6-1ea0-35f1b2f5354b" executionId="8d0f948c-46d9-4aea-b502-e2b7d9b3de6b" testListId="8c84fa94-04c1-424b-9868-57a2d4851a1d" />
    <TestEntry testId="f42adb4a-59b6-6ae8-661d-3f316da65d36" executionId="4ebc09ee-b228-403c-a89c-dcf174c2b7b1" testListId="8c84fa94-04c1-424b-9868-57a2d4851a1d" />
    <TestEntry testId="1afc4212-9e34-5bf9-c93c-a664cbc7d83d" executionId="2984dc76-265d-42d1-8d3d-0e67d7036f4d" testListId="8c84fa94-04c1-424b-9868-57a2d4851a1d" />
    <TestEntry testId="f1116a2b-3506-e158-3498-dbfaf7276798" executionId="e5e7fcf6-c98a-4ba8-b032-a76ac1e88f8b" testListId="8c84fa94-04c1-424b-9868-57a2d4851a1d" />
    <TestEntry testId="b44d7ce5-63e1-d654-eefa-ed4ca2def114" executionId="13a9d9ba-7db0-4ca1-b84f-20482dde8192" testListId="8c84fa94-04c1-424b-9868-57a2d4851a1d" />
    <TestEntry testId="a61064cc-70a2-b961-162a-af3e222f1ebf" executionId="41c5a939-29cc-431c-99d5-6e727789296c" testListId="8c84fa94-04c1-424b-9868-57a2d4851a1d" />
    <TestEntry testId="be1fc026-2d50-57eb-2401-9a4f1dc54635" executionId="0976b4ea-7e3c-4b95-a5c3-12ab76b902be" testListId="8c84fa94-04c1-424b-9868-57a2d4851a1d" />
    <TestEntry testId="4ebedf60-660c-8484-95e7-f7654b526541" executionId="3db6c5fc-8096-43fb-b411-458f6e9e4554" testListId="8c84fa94-04c1-424b-9868-57a2d4851a1d" />
    <TestEntry testId="df9b6f1d-c67d-01c8-c195-e9c059fa6d61" executionId="256b1109-ffab-4d8b-847b-458b74545684" testListId="8c84fa94-04c1-424b-9868-57a2d4851a1d" />
    <TestEntry testId="e7e26588-9078-6ffd-0318-8d302168c6fa" executionId="63bf2249-afef-4488-b448-8aa8e5385046" testListId="8c84fa94-04c1-424b-9868-57a2d4851a1d" />
    <TestEntry testId="b5cc5777-c913-daac-88dc-81a1a60f441f" executionId="318940d0-ee57-4f2d-bab7-148e9dceedfe" testListId="8c84fa94-04c1-424b-9868-57a2d4851a1d" />
    <TestEntry testId="a26dd8fc-691b-a791-136a-59481c1639e4" executionId="238a9bb0-9f17-4591-846d-0450d2ccc23e" testListId="8c84fa94-04c1-424b-9868-57a2d4851a1d" />
    <TestEntry testId="f5f7bd53-add0-1781-6cb5-55110c0a90f7" executionId="fe4946a3-9e0a-47af-aecb-dc06714c436f" testListId="8c84fa94-04c1-424b-9868-57a2d4851a1d" />
    <TestEntry testId="6d1a9017-0d3d-ade1-16fe-6a7205479c05" executionId="6980a0c5-694b-4e3b-acb2-ec719c57d4ee" testListId="8c84fa94-04c1-424b-9868-57a2d4851a1d" />
  </TestEntries>
  <TestLists>
    <TestList name="Results Not in a List" id="8c84fa94-04c1-424b-9868-57a2d4851a1d" />
    <TestList name="All Loaded Results" id="19431567-8539-422a-85d7-44ee4e166bda" />
  </TestLists>
  <ResultSummary outcome="Completed">
    <Counters total="34" executed="34" passed="34" failed="0" error="0" timeout="0" aborted="0" inconclusive="0" passedButRunAborted="0" notRunnable="0" notExecuted="0" disconnected="0" warning="0" completed="0" inProgress="0" pending="0" />
    <Output>
      <StdOut>[xUnit.net 00:00:00.00] xUnit.net VSTest Adapter v3.1.4+50e68bbb8b (64-bit .NET 10.0.10)
[xUnit.net 00:00:00.05]   Discovering: SecureFlow.Tests
[xUnit.net 00:00:00.07]   Discovered:  SecureFlow.Tests
[xUnit.net 00:00:00.08]   Starting:    SecureFlow.Tests
[xUnit.net 00:00:00.14]   Finished:    SecureFlow.Tests
</StdOut>
    </Output>
  </ResultSummary>
</TestRun>